main.c:872:13:SPI5_Write	16	static
main.c:1094:13:TouchGFX_Task	8	static
main.c:147:6:HAL_UART_RxCpltCallback	0	static
main.c:257:6:SystemClock_Config	144	static
main.c:166:5:main	112	static
main.c:716:6:IOE_Init	0	static
main.c:725:6:IOE_ITConfig	0	static
main.c:737:6:IOE_Write	32	static
main.c:748:9:IOE_Read	32	static
main.c:761:10:IOE_ReadMultiple	24	static
main.c:770:6:IOE_Delay	0	static
main.c:898:6:LCD_IO_Init	8	static
main.c:908:6:LCD_IO_WriteData	16	static
main.c:924:6:LCD_IO_WriteReg	16	static
main.c:943:10:LCD_IO_ReadData	32	static
main.c:970:6:LCD_Delay	0	static
main.c:979:7:checkSum	16	static
main.c:1008:7:tempToChar	24	static
main.c:1018:7:humToChar	24	static
main.c:1027:7:prepareRequestString	24	static
main.c:1116:6:dataRequestTask	32	static
main.c:1146:6:HAL_TIM_PeriodElapsedCallback	0	static
main.c:1163:6:Error_Handler	0	static
