main.c:860:13:SPI5_Write	16	static
main.c:1084:13:TouchGFX_Task	8	static
main.c:142:6:HAL_UART_RxCpltCallback	8	static
main.c:251:6:SystemClock_Config	152	static
main.c:164:5:main	112	static
main.c:704:6:IOE_Init	0	static
main.c:713:6:IOE_ITConfig	0	static
main.c:725:6:IOE_Write	32	static
main.c:736:9:IOE_Read	32	static
main.c:749:10:IOE_ReadMultiple	24	static
main.c:758:6:IOE_Delay	0	static
main.c:886:6:LCD_IO_Init	8	static
main.c:896:6:LCD_IO_WriteData	16	static
main.c:912:6:LCD_IO_WriteReg	16	static
main.c:931:10:LCD_IO_ReadData	32	static
main.c:958:6:LCD_Delay	0	static
main.c:969:7:checkSum	16	static
main.c:998:7:tempToChar	24	static
main.c:1008:7:humToChar	24	static
main.c:1017:7:prepareRequestString	24	static
main.c:1106:6:StartsendRequestTask	24	static
main.c:1131:6:HAL_TIM_PeriodElapsedCallback	0	static
main.c:1148:6:Error_Handler	0	static
