Archive member included to satisfy reference by file (symbol)

Middlewares/ST/touchgfx/lib/core/cortex_m4f/gcc\libtouchgfx-float-abi-hard.a(AbstractPartition.o)
                              TouchGFX/build/STM32F429IDISCO/TouchGFX/target/generated/TouchGFXConfiguration.o (touchgfx::AbstractPartition::getAllocationCount() const)
Middlewares/ST/touchgfx/lib/core/cortex_m4f/gcc\libtouchgfx-float-abi-hard.a(Container.o)
                              TouchGFX/build/STM32F429IDISCO/TouchGFX/gui/src/containers/tempWindow.o (touchgfx::Container::contains(touchgfx::Drawable const&))
Middlewares/ST/touchgfx/lib/core/cortex_m4f/gcc\libtouchgfx-float-abi-hard.a(HAL.o)
                              TouchGFX/build/STM32F429IDISCO/TouchGFX/target/generated/TouchGFXGeneratedHAL.o (touchgfx::HAL::drawDrawableInDynamicBitmap(touchgfx::Drawable&, unsigned short))
Middlewares/ST/touchgfx/lib/core/cortex_m4f/gcc\libtouchgfx-float-abi-hard.a(DMA.o)
                              TouchGFX/build/STM32F429IDISCO/TouchGFX/target/generated/STM32DMA.o (touchgfx::DMA_Interface::seedExecution())
Middlewares/ST/touchgfx/lib/core/cortex_m4f/gcc\libtouchgfx-float-abi-hard.a(TextArea.o)
                              TouchGFX/build/STM32F429IDISCO/TouchGFX/generated/gui_generated/src/containers/digitsBase.o (touchgfx::TextArea::resizeToCurrentText())
Middlewares/ST/touchgfx/lib/core/cortex_m4f/gcc\libtouchgfx-float-abi-hard.a(Box.o)
                              TouchGFX/build/STM32F429IDISCO/TouchGFX/generated/gui_generated/src/mainscreen_screen/mainScreenViewBase.o (vtable for touchgfx::Box)
Middlewares/ST/touchgfx/lib/core/cortex_m4f/gcc\libtouchgfx-float-abi-hard.a(TextAreaWithWildcard.o)
                              TouchGFX/build/STM32F429IDISCO/TouchGFX/gui/src/containers/digits.o (vtable for touchgfx::TextAreaWithOneWildcard)
Middlewares/ST/touchgfx/lib/core/cortex_m4f/gcc\libtouchgfx-float-abi-hard.a(Image.o)
                              TouchGFX/build/STM32F429IDISCO/TouchGFX/generated/gui_generated/src/containers/digitsBase.o (touchgfx::Image::setBitmap(touchgfx::Bitmap const&))
Middlewares/ST/touchgfx/lib/core/cortex_m4f/gcc\libtouchgfx-float-abi-hard.a(LCD.o)
                              Middlewares/ST/touchgfx/lib/core/cortex_m4f/gcc\libtouchgfx-float-abi-hard.a(TextArea.o) (touchgfx::LCD::getNumLines(touchgfx::TextProvider&, touchgfx::WideTextAction, unsigned char, touchgfx::Font const*, short))
Middlewares/ST/touchgfx/lib/core/cortex_m4f/gcc\libtouchgfx-float-abi-hard.a(TouchCalibration.o)
                              Middlewares/ST/touchgfx/lib/core/cortex_m4f/gcc\libtouchgfx-float-abi-hard.a(HAL.o) (touchgfx::TouchCalibration::translatePoint(touchgfx::Point&))
Middlewares/ST/touchgfx/lib/core/cortex_m4f/gcc\libtouchgfx-float-abi-hard.a(DisplayTransformation.o)
                              Middlewares/ST/touchgfx/lib/core/cortex_m4f/gcc\libtouchgfx-float-abi-hard.a(HAL.o) (touchgfx::DisplayTransformation::transformFrameBufferToDisplay(short&, short&))
Middlewares/ST/touchgfx/lib/core/cortex_m4f/gcc\libtouchgfx-float-abi-hard.a(Application.o)
                              TouchGFX/build/STM32F429IDISCO/TouchGFX/gui/src/common/FrontendApplication.o (touchgfx::Application::requestRedraw())
Middlewares/ST/touchgfx/lib/core/cortex_m4f/gcc\libtouchgfx-float-abi-hard.a(TypedText.o)
                              TouchGFX/build/STM32F429IDISCO/TouchGFX/generated/gui_generated/src/containers/digitsBase.o (touchgfx::TypedText::numberOfTypedTexts)
Middlewares/ST/touchgfx/lib/core/cortex_m4f/gcc\libtouchgfx-float-abi-hard.a(Font.o)
                              TouchGFX/build/STM32F429IDISCO/TouchGFX/generated/texts/src/Texts.o (touchgfx::Font::getStringWidthLTR(unsigned char, unsigned short const*, std::__va_list) const)
Middlewares/ST/touchgfx/lib/core/cortex_m4f/gcc\libtouchgfx-float-abi-hard.a(Drawable.o)
                              TouchGFX/build/STM32F429IDISCO/TouchGFX/gui/src/containers/tempWindow.o (touchgfx::Drawable::invalidate() const)
Middlewares/ST/touchgfx/lib/core/cortex_m4f/gcc\libtouchgfx-float-abi-hard.a(ConstFont.o)
                              TouchGFX/build/STM32F429IDISCO/TouchGFX/generated/fonts/src/GeneratedFont.o (touchgfx::ConstFont::ConstFont(touchgfx::GlyphNode const*, unsigned short, unsigned short, unsigned char, unsigned char, unsigned char, unsigned char, unsigned char, unsigned short, unsigned short))
Middlewares/ST/touchgfx/lib/core/cortex_m4f/gcc\libtouchgfx-float-abi-hard.a(Utils.o)
                              TouchGFX/build/STM32F429IDISCO/TouchGFX/generated/fonts/src/FontCache.o (touchgfx::memset(void*, unsigned char, unsigned long))
Middlewares/ST/touchgfx/lib/core/cortex_m4f/gcc\libtouchgfx-float-abi-hard.a(Screen.o)
                              TouchGFX/build/STM32F429IDISCO/TouchGFX/gui/src/mainscreen_screen/mainScreenView.o (touchgfx::Screen::handleGestureEvent(touchgfx::GestureEvent const&))
Middlewares/ST/touchgfx/lib/core/cortex_m4f/gcc\libtouchgfx-float-abi-hard.a(TextProvider.o)
[...]
Memory Configuration

Name             Origin             Length             Attributes
CCMRAM           0x10000000         0x00010000         xrw
RAM              0x20000000         0x00030000         xrw
FLASH            0x08000000         0x00200000         xr
SDRAM            0xd0000000         0x00800000         xrw
*default*        0x00000000         0xffffffff

Linker script and memory map

LOAD c:/touchgfx/4.18.1/env/mingw/msys/1.0/gnu-arm-gcc/bin/../lib/gcc/arm-none-eabi/7.3.1/thumb/v7e-m/fpv4-sp/hard/crti.o
LOAD c:/touchgfx/4.18.1/env/mingw/msys/1.0/gnu-arm-gcc/bin/../lib/gcc/arm-none-eabi/7.3.1/thumb/v7e-m/fpv4-sp/hard/crtbegin.o
LOAD c:/touchgfx/4.18.1/env/mingw/msys/1.0/gnu-arm-gcc/bin/../lib/gcc/arm-none-eabi/7.3.1/../../../../arm-none-eabi/lib/thumb/v7e-m/fpv4-sp/hard/crt0.o
LOAD TouchGFX/build/STM32F429IDISCO/TouchGFX/gui/src/containers/tempWindow.o
LOAD TouchGFX/build/STM32F429IDISCO/TouchGFX/gui/src/containers/humWindow.o
LOAD TouchGFX/build/STM32F429IDISCO/TouchGFX/gui/src/containers/humDisp.o
LOAD TouchGFX/build/STM32F429IDISCO/TouchGFX/gui/src/containers/tempDisp.o
LOAD TouchGFX/build/STM32F429IDISCO/TouchGFX/gui/src/containers/digits.o
LOAD TouchGFX/build/STM32F429IDISCO/TouchGFX/gui/src/mainscreen_screen/mainScreenView.o
LOAD TouchGFX/build/STM32F429IDISCO/TouchGFX/gui/src/mainscreen_screen/mainScreenPresenter.o
LOAD TouchGFX/build/STM32F429IDISCO/TouchGFX/gui/src/model/Model.o
LOAD TouchGFX/build/STM32F429IDISCO/TouchGFX/gui/src/common/FrontendApplication.o
LOAD TouchGFX/build/STM32F429IDISCO/TouchGFX/generated/gui_generated/src/containers/tempDispBase.o
LOAD TouchGFX/build/STM32F429IDISCO/TouchGFX/generated/gui_generated/src/containers/digitsBase.o
LOAD TouchGFX/build/STM32F429IDISCO/TouchGFX/generated/gui_generated/src/containers/tempWindowBase.o
LOAD TouchGFX/build/STM32F429IDISCO/TouchGFX/generated/gui_generated/src/containers/humWindowBase.o
LOAD TouchGFX/build/STM32F429IDISCO/TouchGFX/generated/gui_generated/src/containers/humDispBase.o
LOAD TouchGFX/build/STM32F429IDISCO/TouchGFX/generated/gui_generated/src/mainscreen_screen/mainScreenViewBase.o
LOAD TouchGFX/build/STM32F429IDISCO/TouchGFX/generated/gui_generated/src/common/FrontendApplicationBase.o
LOAD TouchGFX/build/STM32F429IDISCO/TouchGFX/generated/fonts/src/Font_verdana_40_4bpp_0.o
LOAD TouchGFX/build/STM32F429IDISCO/TouchGFX/generated/fonts/src/Font_verdana_20_4bpp_0.o
LOAD TouchGFX/build/STM32F429IDISCO/TouchGFX/generated/fonts/src/GeneratedFont.o
LOAD TouchGFX/build/STM32F429IDISCO/TouchGFX/generated/fonts/src/UnmappedDataFont.o
LOAD TouchGFX/build/STM32F429IDISCO/TouchGFX/generated/fonts/src/Font_consola_14_4bpp_0.o
LOAD TouchGFX/build/STM32F429IDISCO/TouchGFX/generated/fonts/src/Kerning_consola_28_8bpp.o
LOAD TouchGFX/build/STM32F429IDISCO/TouchGFX/generated/fonts/src/Kerning_consolab_24_4bpp.o
LOAD TouchGFX/build/STM32F429IDISCO/TouchGFX/generated/fonts/src/Table_consola_12_4bpp.o
LOAD TouchGFX/build/STM32F429IDISCO/TouchGFX/generated/fonts/src/Kerning_verdana_40_4bpp.o
LOAD TouchGFX/build/STM32F429IDISCO/TouchGFX/generated/fonts/src/Table_verdana_10_4bpp.o
LOAD TouchGFX/build/STM32F429IDISCO/TouchGFX/generated/fonts/src/Kerning_verdana_10_4bpp.o
LOAD TouchGFX/build/STM32F429IDISCO/TouchGFX/generated/fonts/src/Kerning_verdana_20_4bpp.o
LOAD TouchGFX/build/STM32F429IDISCO/TouchGFX/generated/fonts/src/FontCache.o
LOAD TouchGFX/build/STM32F429IDISCO/TouchGFX/generated/fonts/src/Font_consola_12_4bpp_0.o
LOAD TouchGFX/build/STM32F429IDISCO/TouchGFX/generated/fonts/src/Kerning_consola_14_4bpp.o
LOAD TouchGFX/build/STM32F429IDISCO/TouchGFX/generated/fonts/src/Font_verdana_10_4bpp_0.o
LOAD TouchGFX/build/STM32F429IDISCO/TouchGFX/generated/fonts/src/Table_consola_28_8bpp.o
LOAD TouchGFX/build/STM32F429IDISCO/TouchGFX/generated/fonts/src/Table_consolab_24_4bpp.o
LOAD TouchGFX/build/STM32F429IDISCO/TouchGFX/generated/fonts/src/Font_consola_28_8bpp_0.o
LOAD TouchGFX/build/STM32F429IDISCO/TouchGFX/generated/fonts/src/Font_consolab_24_4bpp_0.o
LOAD TouchGFX/build/STM32F429IDISCO/TouchGFX/generated/fonts/src/Table_verdana_40_4bpp.o
LOAD TouchGFX/build/STM32F429IDISCO/TouchGFX/generated/fonts/src/CachedFont.o
LOAD TouchGFX/build/STM32F429IDISCO/TouchGFX/generated/fonts/src/Table_verdana_20_4bpp.o
LOAD TouchGFX/build/STM32F429IDISCO/TouchGFX/generated/fonts/src/ApplicationFontProvider.o
LOAD TouchGFX/build/STM32F429IDISCO/TouchGFX/generated/fonts/src/Kerning_consola_12_4bpp.o
LOAD TouchGFX/build/STM32F429IDISCO/TouchGFX/generated/fonts/src/Table_consola_14_4bpp.o
LOAD TouchGFX/build/STM32F429IDISCO/TouchGFX/generated/images/src/image_btn_right.o
LOAD TouchGFX/build/STM32F429IDISCO/TouchGFX/generated/images/src/image_left.o
LOAD TouchGFX/build/STM32F429IDISCO/TouchGFX/generated/images/src/image_disp_right.o
LOAD TouchGFX/build/STM32F429IDISCO/TouchGFX/generated/images/src/image_btn_left_clicked.o
LOAD TouchGFX/build/STM32F429IDISCO/TouchGFX/generated/images/src/image_label_bacground_clicked.o
LOAD TouchGFX/build/STM32F429IDISCO/TouchGFX/generated/images/src/image_btn_up-down_clicked.o
LOAD TouchGFX/build/STM32F429IDISCO/TouchGFX/generated/images/src/BitmapDatabase.o
LOAD TouchGFX/build/STM32F429IDISCO/TouchGFX/generated/images/src/image_btn_left.o
LOAD TouchGFX/build/STM32F429IDISCO/TouchGFX/generated/images/src/image_label_bacground.o
LOAD TouchGFX/build/STM32F429IDISCO/TouchGFX/generated/images/src/image_cursor_decimals.o
LOAD TouchGFX/build/STM32F429IDISCO/TouchGFX/generated/images/src/image_disp_left.o
LOAD TouchGFX/build/STM32F429IDISCO/TouchGFX/generated/images/src/image_btn_up-down.o
LOAD TouchGFX/build/STM32F429IDISCO/TouchGFX/generated/images/src/image_minus.o
LOAD TouchGFX/build/STM32F429IDISCO/TouchGFX/generated/images/src/image_disp_back.o
LOAD TouchGFX/build/STM32F429IDISCO/TouchGFX/generated/images/src/image_cursor.o
LOAD TouchGFX/build/STM32F429IDISCO/TouchGFX/generated/images/src/image_right.o
LOAD TouchGFX/build/STM32F429IDISCO/TouchGFX/generated/images/src/image_plus.o
LOAD TouchGFX/build/STM32F429IDISCO/TouchGFX/generated/images/src/image_btn_right_clicked.o
LOAD TouchGFX/build/STM32F429IDISCO/TouchGFX/generated/texts/src/LanguageGb.o
LOAD TouchGFX/build/STM32F429IDISCO/TouchGFX/generated/texts/src/TypedTextDatabase.o
LOAD TouchGFX/build/STM32F429IDISCO/TouchGFX/generated/texts/src/Texts.o
LOAD TouchGFX/build/STM32F429IDISCO/TouchGFX/target/generated/TouchGFXGeneratedHAL.o
LOAD TouchGFX/build/STM32F429IDISCO/TouchGFX/target/generated/STM32DMA.o
LOAD TouchGFX/build/STM32F429IDISCO/TouchGFX/target/generated/OSWrappers.o
LOAD TouchGFX/build/STM32F429IDISCO/TouchGFX/target/generated/TouchGFXConfiguration.o
LOAD TouchGFX/build/STM32F429IDISCO/TouchGFX/target/TouchGFXHAL.o
LOAD TouchGFX/build/STM32F429IDISCO/TouchGFX/target/TouchGFXGPIO.o
LOAD TouchGFX/build/STM32F429IDISCO/TouchGFX/target/STM32TouchController.o
LOAD TouchGFX/build/STM32F429IDISCO/Core/Src/system_stm32f4xx.o
LOAD TouchGFX/build/STM32F429IDISCO/Core/Src/stm32f4xx_hal_timebase_tim.o
LOAD TouchGFX/build/STM32F429IDISCO/Core/Src/main.o
LOAD TouchGFX/build/STM32F429IDISCO/Core/Src/stm32f4xx_it.o
LOAD TouchGFX/build/STM32F429IDISCO/Core/Src/sysmem.o
LOAD TouchGFX/build/STM32F429IDISCO/Core/Src/stm32f4xx_hal_msp.o
LOAD TouchGFX/build/STM32F429IDISCO/Core/Src/syscalls.o
LOAD TouchGFX/build/STM32F429IDISCO/Core/Src/freertos.o
LOAD TouchGFX/build/STM32F429IDISCO/Drivers/STM32F4xx_HAL_Driver/Src/stm32f4xx_hal_pwr_ex.o
LOAD TouchGFX/build/STM32F429IDISCO/Drivers/STM32F4xx_HAL_Driver/Src/stm32f4xx_hal_sdram.o
LOAD TouchGFX/build/STM32F429IDISCO/Drivers/STM32F4xx_HAL_Driver/Src/stm32f4xx_hal_flash.o
LOAD TouchGFX/build/STM32F429IDISCO/Drivers/STM32F4xx_HAL_Driver/Src/stm32f4xx_hal_rcc.o
LOAD TouchGFX/build/STM32F429IDISCO/Drivers/STM32F4xx_HAL_Driver/Src/stm32f4xx_hal_dma_ex.o
LOAD TouchGFX/build/STM32F429IDISCO/Drivers/STM32F4xx_HAL_Driver/Src/stm32f4xx_hal_tim.o
LOAD TouchGFX/build/STM32F429IDISCO/Drivers/STM32F4xx_HAL_Driver/Src/stm32f4xx_hal_i2c.o
LOAD TouchGFX/build/STM32F429IDISCO/Drivers/STM32F4xx_HAL_Driver/Src/stm32f4xx_hal_flash_ex.o
LOAD TouchGFX/build/STM32F429IDISCO/Drivers/STM32F4xx_HAL_Driver/Src/stm32f4xx_hal_dma.o
LOAD TouchGFX/build/STM32F429IDISCO/Drivers/STM32F4xx_HAL_Driver/Src/stm32f4xx_hal_i2c_ex.o
LOAD TouchGFX/build/STM32F429IDISCO/Drivers/STM32F4xx_HAL_Driver/Src/stm32f4xx_hal_tim_ex.o
LOAD TouchGFX/build/STM32F429IDISCO/Drivers/STM32F4xx_HAL_Driver/Src/stm32f4xx_hal_cortex.o
LOAD TouchGFX/build/STM32F429IDISCO/Drivers/STM32F4xx_HAL_Driver/Src/stm32f4xx_hal_ltdc_ex.o
LOAD TouchGFX/build/STM32F429IDISCO/Drivers/STM32F4xx_HAL_Driver/Src/stm32f4xx_ll_fmc.o
LOAD TouchGFX/build/STM32F429IDISCO/Drivers/STM32F4xx_HAL_Driver/Src/stm32f4xx_hal_exti.o
LOAD TouchGFX/build/STM32F429IDISCO/Drivers/STM32F4xx_HAL_Driver/Src/stm32f4xx_hal_gpio.o
LOAD TouchGFX/build/STM32F429IDISCO/Drivers/STM32F4xx_HAL_Driver/Src/stm32f4xx_hal_spi.o
LOAD TouchGFX/build/STM32F429IDISCO/Drivers/STM32F4xx_HAL_Driver/Src/stm32f4xx_hal_dma2d.o
LOAD TouchGFX/build/STM32F429IDISCO/Drivers/STM32F4xx_HAL_Driver/Src/stm32f4xx_hal_flash_ramfunc.o
LOAD TouchGFX/build/STM32F429IDISCO/Drivers/STM32F4xx_HAL_Driver/Src/stm32f4xx_hal_ltdc.o
LOAD TouchGFX/build/STM32F429IDISCO/Drivers/STM32F4xx_HAL_Driver/Src/stm32f4xx_hal_pwr.o
LOAD TouchGFX/build/STM32F429IDISCO/Drivers/STM32F4xx_HAL_Driver/Src/stm32f4xx_hal.o
LOAD TouchGFX/build/STM32F429IDISCO/Drivers/STM32F4xx_HAL_Driver/Src/stm32f4xx_hal_rcc_ex.o
LOAD TouchGFX/build/STM32F429IDISCO/Drivers/STM32F4xx_HAL_Driver/Src/stm32f4xx_hal_dsi.o
LOAD TouchGFX/build/STM32F429IDISCO/Drivers/STM32F4xx_HAL_Driver/Src/stm32f4xx_hal_crc.o
LOAD TouchGFX/build/STM32F429IDISCO/TouchGFX/App/app_touchgfx.o
LOAD TouchGFX/build/STM32F429IDISCO/Middlewares/Third_Party/FreeRTOS/Source/croutine.o
LOAD TouchGFX/build/STM32F429IDISCO/Middlewares/Third_Party/FreeRTOS/Source/list.o
LOAD TouchGFX/build/STM32F429IDISCO/Middlewares/Third_Party/FreeRTOS/Source/queue.o
LOAD TouchGFX/build/STM32F429IDISCO/Middlewares/Third_Party/FreeRTOS/Source/tasks.o
LOAD TouchGFX/build/STM32F429IDISCO/Middlewares/Third_Party/FreeRTOS/Source/timers.o
LOAD TouchGFX/build/STM32F429IDISCO/Middlewares/Third_Party/FreeRTOS/Source/CMSIS_RTOS_V2/cmsis_os2.o
LOAD TouchGFX/build/STM32F429IDISCO/gcc/Middlewares/Third_Party/FreeRTOS/Source/portable/MemMang/heap_4.o
LOAD TouchGFX/build/STM32F429IDISCO/gcc/Middlewares/Third_Party/FreeRTOS/Source/portable/GCC/ARM_CM4F/port.o
LOAD TouchGFX/build/STM32F429IDISCO/Drivers/BSP/Components/stmpe811/stmpe811.o
LOAD TouchGFX/build/STM32F429IDISCO/Drivers/BSP/Components/ili9341/ili9341.o
LOAD TouchGFX/build/STM32F429IDISCO/gcc/startup_stm32f429zitx.o
START GROUP
LOAD Middlewares/ST/touchgfx/lib/core/cortex_m4f/gcc\libtouchgfx-float-abi-hard.a
END GROUP
LOAD c:/touchgfx/4.18.1/env/mingw/msys/1.0/gnu-arm-gcc/bin/../lib/gcc/arm-none-eabi/7.3.1/../../../../arm-none-eabi/lib/thumb/v7e-m/fpv4-sp/hard\libstdc++_nano.a
LOAD c:/touchgfx/4.18.1/env/mingw/msys/1.0/gnu-arm-gcc/bin/../lib/gcc/arm-none-eabi/7.3.1/../../../../arm-none-eabi/lib/thumb/v7e-m/fpv4-sp/hard\libm.a
START GROUP
LOAD c:/touchgfx/4.18.1/env/mingw/msys/1.0/gnu-arm-gcc/bin/../lib/gcc/arm-none-eabi/7.3.1/thumb/v7e-m/fpv4-sp/hard\libgcc.a
LOAD c:/touchgfx/4.18.1/env/mingw/msys/1.0/gnu-arm-gcc/bin/../lib/gcc/arm-none-eabi/7.3.1/../../../../arm-none-eabi/lib/thumb/v7e-m/fpv4-sp/hard\libc_nano.a
END GROUP
START GROUP
LOAD c:/touchgfx/4.18.1/env/mingw/msys/1.0/gnu-arm-gcc/bin/../lib/gcc/arm-none-eabi/7.3.1/thumb/v7e-m/fpv4-sp/hard\libgcc.a
LOAD c:/touchgfx/4.18.1/env/mingw/msys/1.0/gnu-arm-gcc/bin/../lib/gcc/arm-none-eabi/7.3.1/../../../../arm-none-eabi/lib/thumb/v7e-m/fpv4-sp/hard\libc_nano.a
LOAD c:/touchgfx/4.18.1/env/mingw/msys/1.0/gnu-arm-gcc/bin/../lib/gcc/arm-none-eabi/7.3.1/../../../../arm-none-eabi/lib/thumb/v7e-m/fpv4-sp/hard\libnosys.a
END GROUP
START GROUP
LOAD c:/touchgfx/4.18.1/env/mingw/msys/1.0/gnu-arm-gcc/bin/../lib/gcc/arm-none-eabi/7.3.1/thumb/v7e-m/fpv4-sp/hard\libgcc.a
LOAD c:/touchgfx/4.18.1/env/mingw/msys/1.0/gnu-arm-gcc/bin/../lib/gcc/arm-none-eabi/7.3.1/../../../../arm-none-eabi/lib/thumb/v7e-m/fpv4-sp/hard\libc_nano.a
LOAD c:/touchgfx/4.18.1/env/mingw/msys/1.0/gnu-arm-gcc/bin/../lib/gcc/arm-none-eabi/7.3.1/../../../../arm-none-eabi/lib/thumb/v7e-m/fpv4-sp/hard\libnosys.a
END GROUP
LOAD c:/touchgfx/4.18.1/env/mingw/msys/1.0/gnu-arm-gcc/bin/../lib/gcc/arm-none-eabi/7.3.1/thumb/v7e-m/fpv4-sp/hard/crtend.o
LOAD c:/touchgfx/4.18.1/env/mingw/msys/1.0/gnu-arm-gcc/bin/../lib/gcc/arm-none-eabi/7.3.1/thumb/v7e-m/fpv4-sp/hard/crtn.o
                0x20030000                _estack = (ORIGIN (RAM) + LENGTH (RAM))
                0x00000200                _Min_Heap_Size = 0x200
                0x00000400                _Min_Stack_Size = 0x400

.isr_vector     0x08000000      0x1ac
                0x08000000                . = ALIGN (0x4)
 *(.isr_vector)
 .isr_vector    0x08000000      0x1ac TouchGFX/build/STM32F429IDISCO/gcc/startup_stm32f429zitx.o
                0x08000000                g_pfnVectors
                0x080001ac                . = ALIGN (0x4)

.text           0x080001b0    0x1c424
                0x080001b0                . = ALIGN (0x4)
 *(.text)
 .text          0x080001b0       0x40 c:/touchgfx/4.18.1/env/mingw/msys/1.0/gnu-arm-gcc/bin/../lib/gcc/arm-none-eabi/7.3.1/thumb/v7e-m/fpv4-sp/hard/crtbegin.o
 .text          0x080001f0       0x30 c:/touchgfx/4.18.1/env/mingw/msys/1.0/gnu-arm-gcc/bin/../lib/gcc/arm-none-eabi/7.3.1/thumb/v7e-m/fpv4-sp/hard\libgcc.a(_aeabi_uldivmod.o)
                0x080001f0                __aeabi_uldivmod
 .text          0x08000220      0x2cc c:/touchgfx/4.18.1/env/mingw/msys/1.0/gnu-arm-gcc/bin/../lib/gcc/arm-none-eabi/7.3.1/thumb/v7e-m/fpv4-sp/hard\libgcc.a(_udivmoddi4.o)
                0x08000220                __udivmoddi4
 .text          0x080004ec        0x4 c:/touchgfx/4.18.1/env/mingw/msys/1.0/gnu-arm-gcc/bin/../lib/gcc/arm-none-eabi/7.3.1/thumb/v7e-m/fpv4-sp/hard\libgcc.a(_dvmd_tls.o)
                0x080004ec                __aeabi_idiv0
                0x080004ec                __aeabi_ldiv0
 .text          0x080004f0       0xa0 c:/touchgfx/4.18.1/env/mingw/msys/1.0/gnu-arm-gcc/bin/../lib/gcc/arm-none-eabi/7.3.1/../../../../arm-none-eabi/lib/thumb/v7e-m/fpv4-sp/hard\libc_nano.a(lib_a-memchr.o)
                0x080004f0                memchr
 *(.text*)
 .text._ZN8touchgfx8Drawable4setXEs
                0x08000590        0x4 TouchGFX/build/STM32F429IDISCO/TouchGFX/gui/src/containers/tempWindow.o
                0x08000590                touchgfx::Drawable::setX(short)
 .text._ZN8touchgfx8Drawable4setYEs
                0x08000594        0x4 TouchGFX/build/STM32F429IDISCO/TouchGFX/gui/src/containers/tempWindow.o
                0x08000594                touchgfx::Drawable::setY(short)
 .text._ZN8touchgfx8Drawable8setWidthEs
                0x08000598        0x4 TouchGFX/build/STM32F429IDISCO/TouchGFX/gui/src/containers/tempWindow.o
                0x08000598                touchgfx::Drawable::setWidth(short)
 .text._ZN8touchgfx8Drawable9setHeightEs
                0x0800059c        0x4 TouchGFX/build/STM32F429IDISCO/TouchGFX/gui/src/containers/tempWindow.o
                0x0800059c                touchgfx::Drawable::setHeight(short)
 .text._ZN8touchgfx8Drawable20childGeometryChangedEv
                0x080005a0        0x2 TouchGFX/build/STM32F429IDISCO/TouchGFX/gui/src/containers/tempWindow.o
                0x080005a0                touchgfx::Drawable::childGeometryChanged()
 .text._ZN8touchgfx8Drawable16handleClickEventERKNS_10ClickEventE
                0x080005a2        0x2 TouchGFX/build/STM32F429IDISCO/TouchGFX/gui/src/containers/tempWindow.o
                0x080005a2                touchgfx::Drawable::handleClickEvent(touchgfx::ClickEvent const&)
 .text._ZN8touchgfx8Drawable18handleGestureEventERKNS_12GestureEventE
                0x080005a4        0x2 TouchGFX/build/STM32F429IDISCO/TouchGFX/gui/src/containers/tempWindow.o
                0x080005a4                touchgfx::Drawable::handleGestureEvent(touchgfx::GestureEvent const&)
 .text._ZN8touchgfx8Drawable15handleDragEventERKNS_9DragEventE
                0x080005a6        0x2 TouchGFX/build/STM32F429IDISCO/TouchGFX/gui/src/containers/tempWindow.o
                0x080005a6                touchgfx::Drawable::handleDragEvent(touchgfx::DragEvent const&)
 .text._ZN8touchgfx8Drawable15handleTickEventEv
                0x080005a8        0x2 TouchGFX/build/STM32F429IDISCO/TouchGFX/gui/src/containers/tempWindow.o
                0x080005a8                touchgfx::Drawable::handleTickEvent()
 .text._ZN8touchgfx8Drawable6moveToEss
                0x080005aa       0x18 TouchGFX/build/STM32F429IDISCO/TouchGFX/gui/src/containers/tempWindow.o
                0x080005aa                touchgfx::Drawable::moveTo(short, short)
 .text._ZN8touchgfx9Container13getFirstChildEv
                0x080005c2        0x4 TouchGFX/build/STM32F429IDISCO/TouchGFX/gui/src/containers/tempWindow.o
                0x080005c2                touchgfx::Container::getFirstChild()
 .text._ZN10tempWindow12setHumWindowEP9humWindow
                0x080005c6        0x6 TouchGFX/build/STM32F429IDISCO/TouchGFX/gui/src/containers/tempWindow.o
                0x080005c6                tempWindow::setHumWindow(humWindow*)
 .text._ZN10tempWindow10initializeEv
                0x080005cc       0x10 TouchGFX/build/STM32F429IDISCO/TouchGFX/gui/src/containers/tempWindow.o
                0x080005cc                tempWindow::initialize()
 .text._ZN10tempWindow11changeValueEi
                0x080005dc        0x6 TouchGFX/build/STM32F429IDISCO/TouchGFX/gui/src/containers/tempWindow.o
                0x080005dc                tempWindow::changeValue(int)
 .text._ZN10tempWindow20changeCursorPositionEi
                0x080005e2        0x6 TouchGFX/build/STM32F429IDISCO/TouchGFX/gui/src/containers/tempWindow.o
                0x080005e2                tempWindow::changeCursorPosition(int)
 .text._ZN10tempWindow13toggleTempBtnEv
                0x080005e8       0x3a TouchGFX/build/STM32F429IDISCO/TouchGFX/gui/src/containers/tempWindow.o
                0x080005e8                tempWindow::toggleTempBtn()
 *fill*         0x08000622        0x2 
 .text._ZN6digitsD2Ev
                0x08000624       0x30 TouchGFX/build/STM32F429IDISCO/TouchGFX/gui/src/containers/tempWindow.o
                0x08000624                digits::~digits()
                0x08000624                digits::~digits()
 .text._ZN6digitsD0Ev
                0x08000654       0x16 TouchGFX/build/STM32F429IDISCO/TouchGFX/gui/src/containers/tempWindow.o
                0x08000654                digits::~digits()
 *fill*         0x0800066a        0x2 
 .text._ZN8tempDispD2Ev
                0x0800066c       0x18 TouchGFX/build/STM32F429IDISCO/TouchGFX/gui/src/containers/tempWindow.o
                0x0800066c                tempDisp::~tempDisp()
                0x0800066c                tempDisp::~tempDisp()
 .text._ZN10tempWindowD2Ev
                0x08000684       0x20 TouchGFX/build/STM32F429IDISCO/TouchGFX/gui/src/containers/tempWindow.o
                0x08000684                tempWindow::~tempWindow()
                0x08000684                tempWindow::~tempWindow()
 .text._ZN10tempWindowD0Ev
                0x080006a4       0x16 TouchGFX/build/STM32F429IDISCO/TouchGFX/gui/src/containers/tempWindow.o
                0x080006a4                tempWindow::~tempWindow()
 .text._ZN8tempDispD0Ev
                0x080006ba       0x16 TouchGFX/build/STM32F429IDISCO/TouchGFX/gui/src/containers/tempWindow.o
                0x080006ba                tempDisp::~tempDisp()
 .text._ZN10tempWindowC2Ev
                0x080006d0       0x14 TouchGFX/build/STM32F429IDISCO/TouchGFX/gui/src/containers/tempWindow.o
                0x080006d0                tempWindow::tempWindow()
                0x080006d0                tempWindow::tempWindow()
 .text._ZN9humWindow13setTempWindowEP10tempWindow
                0x080006e4        0x6 TouchGFX/build/STM32F429IDISCO/TouchGFX/gui/src/containers/humWindow.o
                0x080006e4                humWindow::setTempWindow(tempWindow*)
 .text._ZN9humWindow10initializeEv
                0x080006ea       0x10 TouchGFX/build/STM32F429IDISCO/TouchGFX/gui/src/containers/humWindow.o
                0x080006ea                humWindow::initialize()
 .text._ZN9humWindow11changeValueEi
                0x080006fa        0x8 TouchGFX/build/STM32F429IDISCO/TouchGFX/gui/src/containers/humWindow.o
                0x080006fa                humWindow::changeValue(int)
 .text._ZN9humWindow20changeCursorPositionEi
                0x08000702        0x8 TouchGFX/build/STM32F429IDISCO/TouchGFX/gui/src/containers/humWindow.o
                0x08000702                humWindow::changeCursorPosition(int)
 .text._ZN9humWindow12toggleHumBtnEv
                0x0800070a       0x3a TouchGFX/build/STM32F429IDISCO/TouchGFX/gui/src/containers/humWindow.o
                0x0800070a                humWindow::toggleHumBtn()
 .text._ZN7humDispD2Ev
                0x08000744       0x18 TouchGFX/build/STM32F429IDISCO/TouchGFX/gui/src/containers/humWindow.o
                0x08000744                humDisp::~humDisp()
                0x08000744                humDisp::~humDisp()
 .text._ZN9humWindowD2Ev
                0x0800075c       0x20 TouchGFX/build/STM32F429IDISCO/TouchGFX/gui/src/containers/humWindow.o
                0x0800075c                humWindow::~humWindow()
                0x0800075c                humWindow::~humWindow()
 .text._ZN9humWindowD0Ev
                0x0800077c       0x16 TouchGFX/build/STM32F429IDISCO/TouchGFX/gui/src/containers/humWindow.o
                0x0800077c                humWindow::~humWindow()
 .text._ZN7humDispD0Ev
                0x08000792       0x16 TouchGFX/build/STM32F429IDISCO/TouchGFX/gui/src/containers/humWindow.o
                0x08000792                humDisp::~humDisp()
 .text._ZN9humWindowC2Ev
                0x080007a8       0x14 TouchGFX/build/STM32F429IDISCO/TouchGFX/gui/src/containers/humWindow.o
                0x080007a8                humWindow::humWindow()
                0x080007a8                humWindow::humWindow()
 .text._ZN7humDisp10initializeEv
                0x080007bc        0x4 TouchGFX/build/STM32F429IDISCO/TouchGFX/gui/src/containers/humDisp.o
                0x080007bc                humDisp::initialize()
 .text._ZN7humDisp11changeValueEi
                0x080007c0        0x6 TouchGFX/build/STM32F429IDISCO/TouchGFX/gui/src/containers/humDisp.o
                0x080007c0                humDisp::changeValue(int)
 .text._ZN7humDisp20changeCursorPositionEi
                0x080007c6        0x6 TouchGFX/build/STM32F429IDISCO/TouchGFX/gui/src/containers/humDisp.o
                0x080007c6                humDisp::changeCursorPosition(int)
 .text._ZN7humDisp10showCursorEv
                0x080007cc        0x6 TouchGFX/build/STM32F429IDISCO/TouchGFX/gui/src/containers/humDisp.o
                0x080007cc                humDisp::showCursor()
 .text._ZN7humDisp11resetCursorEv
                0x080007d2        0x6 TouchGFX/build/STM32F429IDISCO/TouchGFX/gui/src/containers/humDisp.o
                0x080007d2                humDisp::resetCursor()
 .text._ZN7humDispC2Ev
                0x080007d8       0x14 TouchGFX/build/STM32F429IDISCO/TouchGFX/gui/src/containers/humDisp.o
                0x080007d8                humDisp::humDisp()
                0x080007d8                humDisp::humDisp()
 .text._ZN8tempDisp10initializeEv
                0x080007ec        0x4 TouchGFX/build/STM32F429IDISCO/TouchGFX/gui/src/containers/tempDisp.o
                0x080007ec                tempDisp::initialize()
 .text._ZN8tempDisp11changeValueEi
                0x080007f0        0x6 TouchGFX/build/STM32F429IDISCO/TouchGFX/gui/src/containers/tempDisp.o
                0x080007f0                tempDisp::changeValue(int)
 .text._ZN8tempDisp20changeCursorPositionEi
                0x080007f6        0x6 TouchGFX/build/STM32F429IDISCO/TouchGFX/gui/src/containers/tempDisp.o
                0x080007f6                tempDisp::changeCursorPosition(int)
 .text._ZN8tempDisp10showCursorEv
                0x080007fc        0x6 TouchGFX/build/STM32F429IDISCO/TouchGFX/gui/src/containers/tempDisp.o
                0x080007fc                tempDisp::showCursor()
 .text._ZN8tempDisp11resetCursorEv
                0x08000802        0x6 TouchGFX/build/STM32F429IDISCO/TouchGFX/gui/src/containers/tempDisp.o
                0x08000802                tempDisp::resetCursor()
 .text._ZN8tempDispC2Ev
                0x08000808       0x14 TouchGFX/build/STM32F429IDISCO/TouchGFX/gui/src/containers/tempDisp.o
                0x08000808                tempDisp::tempDisp()
                0x08000808                tempDisp::tempDisp()
 .text._ZN8touchgfx8Drawable13getFirstChildEv
                0x0800081c        0x4 TouchGFX/build/STM32F429IDISCO/TouchGFX/gui/src/containers/digits.o
                0x0800081c                touchgfx::Drawable::getFirstChild()
 .text._ZN8touchgfx8Drawable14setupDrawChainERKNS_4RectEPPS0_
                0x08000820       0x14 TouchGFX/build/STM32F429IDISCO/TouchGFX/gui/src/containers/digits.o
                0x08000820                touchgfx::Drawable::setupDrawChain(touchgfx::Rect const&, touchgfx::Drawable**)
 .text._ZN8touchgfx6Widget12getLastChildEssPPNS_8DrawableE
                0x08000834       0x10 TouchGFX/build/STM32F429IDISCO/TouchGFX/gui/src/containers/digits.o
                0x08000834                touchgfx::Widget::getLastChild(short, short, touchgfx::Drawable**)
 .text._ZN8touchgfx9TypedTextD2Ev
                0x08000844        0x2 TouchGFX/build/STM32F429IDISCO/TouchGFX/gui/src/containers/digits.o
                0x08000844                touchgfx::TypedText::~TypedText()
                0x08000844                touchgfx::TypedText::~TypedText()
 .text._ZN6digits20changeCursorPositionEi
                0x08000846       0x3a TouchGFX/build/STM32F429IDISCO/TouchGFX/gui/src/containers/digits.o
                0x08000846                digits::changeCursorPosition(int)
 .text._ZN6digits11changeValueEi
                0x08000880       0x3a TouchGFX/build/STM32F429IDISCO/TouchGFX/gui/src/containers/digits.o
                0x08000880                digits::changeValue(int)
 .text._ZN6digits15initializeValueEf
                0x080008ba       0x64 TouchGFX/build/STM32F429IDISCO/TouchGFX/gui/src/containers/digits.o
                0x080008ba                digits::initializeValue(float)
 .text._ZN6digits11uploadValueEiiii
                0x0800091e       0x20 TouchGFX/build/STM32F429IDISCO/TouchGFX/gui/src/containers/digits.o
                0x0800091e                digits::uploadValue(int, int, int, int)
 .text._ZN6digits10showCursorEv
                0x0800093e       0x24 TouchGFX/build/STM32F429IDISCO/TouchGFX/gui/src/containers/digits.o
                0x0800093e                digits::showCursor()
 .text._ZN6digits11resetCursorEv
                0x08000962       0x24 TouchGFX/build/STM32F429IDISCO/TouchGFX/gui/src/containers/digits.o
                0x08000962                digits::resetCursor()
 .text._ZN8touchgfx9TypedTextD0Ev
                0x08000986        0xe TouchGFX/build/STM32F429IDISCO/TouchGFX/gui/src/containers/digits.o
                0x08000986                touchgfx::TypedText::~TypedText()
 .text._ZN6digits11updateValueEv
                0x08000994       0x70 TouchGFX/build/STM32F429IDISCO/TouchGFX/gui/src/containers/digits.o
                0x08000994                digits::updateValue()
 .text._ZN6digitsC2Ev
                0x08000a04       0x8c TouchGFX/build/STM32F429IDISCO/TouchGFX/gui/src/containers/digits.o
                0x08000a04                digits::digits()
                0x08000a04                digits::digits()
 .text._ZN8touchgfx23TextAreaWithOneWildcardC2ERKS0_
                0x08000a90       0xa0 TouchGFX/build/STM32F429IDISCO/TouchGFX/gui/src/containers/digits.o
                0x08000a90                touchgfx::TextAreaWithOneWildcard::TextAreaWithOneWildcard(touchgfx::TextAreaWithOneWildcard const&)
                0x08000a90                touchgfx::TextAreaWithOneWildcard::TextAreaWithOneWildcard(touchgfx::TextAreaWithOneWildcard const&)
 .text._ZN8touchgfx6VectorIPNS_5ImageELt4EE3addES2_
                0x08000b30       0x2c TouchGFX/build/STM32F429IDISCO/TouchGFX/gui/src/containers/digits.o
                0x08000b30                touchgfx::Vector<touchgfx::Image*, (unsigned short)4>::add(touchgfx::Image*)
 .text._ZN8touchgfx6VectorINS_23TextAreaWithOneWildcardELt4EE3addES1_
                0x08000b5c       0xa0 TouchGFX/build/STM32F429IDISCO/TouchGFX/gui/src/containers/digits.o
                0x08000b5c                touchgfx::Vector<touchgfx::TextAreaWithOneWildcard, (unsigned short)4>::add(touchgfx::TextAreaWithOneWildcard)
 .text._ZN8touchgfx6VectorIiLt4EE3addEi
                0x08000bfc       0x2c TouchGFX/build/STM32F429IDISCO/TouchGFX/gui/src/containers/digits.o
                0x08000bfc                touchgfx::Vector<int, (unsigned short)4>::add(int)
 .text._ZN6digits10initializeEv
                0x08000c28       0xf2 TouchGFX/build/STM32F429IDISCO/TouchGFX/gui/src/containers/digits.o
                0x08000c28                digits::initialize()
 .text._ZN8touchgfx6Screen15afterTransitionEv
                0x08000d1a        0x2 TouchGFX/build/STM32F429IDISCO/TouchGFX/gui/src/mainscreen_screen/mainScreenView.o
                0x08000d1a                touchgfx::Screen::afterTransition()
 .text._ZN8touchgfx6Screen15handleTickEventEv
                0x08000d1c        0x2 TouchGFX/build/STM32F429IDISCO/TouchGFX/gui/src/mainscreen_screen/mainScreenView.o
                0x08000d1c                touchgfx::Screen::handleTickEvent()
 .text._ZN8touchgfx6Screen14handleKeyEventEh
                0x08000d1e        0x2 TouchGFX/build/STM32F429IDISCO/TouchGFX/gui/src/mainscreen_screen/mainScreenView.o
                0x08000d1e                touchgfx::Screen::handleKeyEvent(unsigned char)
 .text._ZN14mainScreenView14tearDownScreenEv
                0x08000d20        0x2 TouchGFX/build/STM32F429IDISCO/TouchGFX/gui/src/mainscreen_screen/mainScreenView.o
                0x08000d20                mainScreenView::tearDownScreen()
 .text._ZN14mainScreenView11setupScreenEv
                0x08000d22       0x24 TouchGFX/build/STM32F429IDISCO/TouchGFX/gui/src/mainscreen_screen/mainScreenView.o
                0x08000d22                mainScreenView::setupScreen()
 .text._ZN14mainScreenView12upBtnClickedEv
                0x08000d46       0x24 TouchGFX/build/STM32F429IDISCO/TouchGFX/gui/src/mainscreen_screen/mainScreenView.o
                0x08000d46                mainScreenView::upBtnClicked()
 .text._ZN14mainScreenView14downBtnClickedEv
                0x08000d6a       0x28 TouchGFX/build/STM32F429IDISCO/TouchGFX/gui/src/mainscreen_screen/mainScreenView.o
                0x08000d6a                mainScreenView::downBtnClicked()
 .text._ZN14mainScreenView15rightBtnClickedEv
                0x08000d92       0x28 TouchGFX/build/STM32F429IDISCO/TouchGFX/gui/src/mainscreen_screen/mainScreenView.o
                0x08000d92                mainScreenView::rightBtnClicked()
 .text._ZN14mainScreenView14leftBtnClickedEv
                0x08000dba       0x24 TouchGFX/build/STM32F429IDISCO/TouchGFX/gui/src/mainscreen_screen/mainScreenView.o
                0x08000dba                mainScreenView::leftBtnClicked()
 *fill*         0x08000dde        0x2 
 .text._ZN13humWindowBaseD2Ev
                0x08000de0       0x30 TouchGFX/build/STM32F429IDISCO/TouchGFX/gui/src/mainscreen_screen/mainScreenView.o
                0x08000de0                humWindowBase::~humWindowBase()
                0x08000de0                humWindowBase::~humWindowBase()
 .text._ZN13humWindowBaseD0Ev
                0x08000e10       0x16 TouchGFX/build/STM32F429IDISCO/TouchGFX/gui/src/mainscreen_screen/mainScreenView.o
                0x08000e10                humWindowBase::~humWindowBase()
 *fill*         0x08000e26        0x2 
 .text._ZN14tempWindowBaseD2Ev
                0x08000e28       0x30 TouchGFX/build/STM32F429IDISCO/TouchGFX/gui/src/mainscreen_screen/mainScreenView.o
                0x08000e28                tempWindowBase::~tempWindowBase()
                0x08000e28                tempWindowBase::~tempWindowBase()
 .text._ZN14mainScreenViewD2Ev
                0x08000e58       0x34 TouchGFX/build/STM32F429IDISCO/TouchGFX/gui/src/mainscreen_screen/mainScreenView.o
                0x08000e58                mainScreenView::~mainScreenView()
                0x08000e58                mainScreenView::~mainScreenView()
 .text._ZN14mainScreenViewD0Ev
                0x08000e8c       0x16 TouchGFX/build/STM32F429IDISCO/TouchGFX/gui/src/mainscreen_screen/mainScreenView.o
                0x08000e8c                mainScreenView::~mainScreenView()
 .text._ZN14tempWindowBaseD0Ev
                0x08000ea2       0x16 TouchGFX/build/STM32F429IDISCO/TouchGFX/gui/src/mainscreen_screen/mainScreenView.o
                0x08000ea2                tempWindowBase::~tempWindowBase()
 .text._ZN14mainScreenViewC2Ev
                0x08000eb8       0x14 TouchGFX/build/STM32F429IDISCO/TouchGFX/gui/src/mainscreen_screen/mainScreenView.o
                0x08000eb8                mainScreenView::mainScreenView()
                0x08000eb8                mainScreenView::mainScreenView()
 .text._ZN19mainScreenPresenterD2Ev
                0x08000ecc        0x6 TouchGFX/build/STM32F429IDISCO/TouchGFX/gui/src/mainscreen_screen/mainScreenPresenter.o
                0x08000ecc                mainScreenPresenter::~mainScreenPresenter()
                0x08000ecc                mainScreenPresenter::~mainScreenPresenter()
                0x08000ece                non-virtual thunk to mainScreenPresenter::~mainScreenPresenter()
 .text._ZN19mainScreenPresenter8activateEv
                0x08000ed2        0x2 TouchGFX/build/STM32F429IDISCO/TouchGFX/gui/src/mainscreen_screen/mainScreenPresenter.o
                0x08000ed2                mainScreenPresenter::activate()
                0x08000ed2                mainScreenPresenter::deactivate()
 .text._ZN19mainScreenPresenterD0Ev
                0x08000ed4       0x14 TouchGFX/build/STM32F429IDISCO/TouchGFX/gui/src/mainscreen_screen/mainScreenPresenter.o
                0x08000ed4                mainScreenPresenter::~mainScreenPresenter()
                0x08000ee2                non-virtual thunk to mainScreenPresenter::~mainScreenPresenter()
 .text._ZN19mainScreenPresenterC2ER14mainScreenView
                0x08000ee8       0x1c TouchGFX/build/STM32F429IDISCO/TouchGFX/gui/src/mainscreen_screen/mainScreenPresenter.o
                0x08000ee8                mainScreenPresenter::mainScreenPresenter(mainScreenView&)
                0x08000ee8                mainScreenPresenter::mainScreenPresenter(mainScreenView&)
 .text._ZN5ModelC2Ev
                0x08000f04        0x6 TouchGFX/build/STM32F429IDISCO/TouchGFX/gui/src/model/Model.o
                0x08000f04                Model::Model()
                0x08000f04                Model::Model()
 .text._ZN5Model4tickEv
                0x08000f0a        0x2 TouchGFX/build/STM32F429IDISCO/TouchGFX/gui/src/model/Model.o
                0x08000f0a                Model::tick()
 .text._ZN8touchgfx11Application15appSwitchScreenEh
                0x08000f0c        0x2 TouchGFX/build/STM32F429IDISCO/TouchGFX/gui/src/common/FrontendApplication.o
                0x08000f0c                touchgfx::Application::appSwitchScreen(unsigned char)
 .text._ZN8touchgfx11Application13requestRedrawERNS_4RectE
                0x08000f0e        0xc TouchGFX/build/STM32F429IDISCO/TouchGFX/gui/src/common/FrontendApplication.o
                0x08000f0e                touchgfx::Application::requestRedraw(touchgfx::Rect&)
 .text._ZN19FrontendApplicationD2Ev
                0x08000f1a        0x2 TouchGFX/build/STM32F429IDISCO/TouchGFX/gui/src/common/FrontendApplication.o
                0x08000f1a                FrontendApplication::~FrontendApplication()
                0x08000f1a                FrontendApplication::~FrontendApplication()
 .text._ZN19FrontendApplicationD0Ev
                0x08000f1c       0x10 TouchGFX/build/STM32F429IDISCO/TouchGFX/gui/src/common/FrontendApplication.o
                0x08000f1c                FrontendApplication::~FrontendApplication()
 .text._ZN19FrontendApplication15handleTickEventEv
                0x08000f2c       0x16 TouchGFX/build/STM32F429IDISCO/TouchGFX/gui/src/common/FrontendApplication.o
                0x08000f2c                FrontendApplication::handleTickEvent()
 .text._ZN8touchgfx14MVPApplication29handlePendingScreenTransitionEv
                0x08000f42       0x24 TouchGFX/build/STM32F429IDISCO/TouchGFX/gui/src/common/FrontendApplication.o
                0x08000f42                touchgfx::MVPApplication::handlePendingScreenTransition()
 *fill*         0x08000f66        0x2 
 .text._ZN19FrontendApplicationC2ER5ModelR12FrontendHeap
                0x08000f68       0x14 TouchGFX/build/STM32F429IDISCO/TouchGFX/gui/src/common/FrontendApplication.o
                0x08000f68                FrontendApplication::FrontendApplication(Model&, FrontendHeap&)
                0x08000f68                FrontendApplication::FrontendApplication(Model&, FrontendHeap&)
 .text._ZN12tempDispBase10initializeEv
                0x08000f7c        0x6 TouchGFX/build/STM32F429IDISCO/TouchGFX/generated/gui_generated/src/containers/tempDispBase.o
                0x08000f7c                tempDispBase::initialize()
 *fill*         0x08000f82        0x2 
 .text._ZN12tempDispBaseD2Ev
                0x08000f84       0x18 TouchGFX/build/STM32F429IDISCO/TouchGFX/generated/gui_generated/src/containers/tempDispBase.o
                0x08000f84                tempDispBase::~tempDispBase()
                0x08000f84                tempDispBase::~tempDispBase()
 .text._ZN12tempDispBaseD0Ev
                0x08000f9c       0x16 TouchGFX/build/STM32F429IDISCO/TouchGFX/generated/gui_generated/src/containers/tempDispBase.o
                0x08000f9c                tempDispBase::~tempDispBase()
 *fill*         0x08000fb2        0x2 
 .text._ZN12tempDispBaseC2Ev
                0x08000fb4       0xe8 TouchGFX/build/STM32F429IDISCO/TouchGFX/generated/gui_generated/src/containers/tempDispBase.o
                0x08000fb4                tempDispBase::tempDispBase()
                0x08000fb4                tempDispBase::tempDispBase()
 .text._ZN10digitsBaseD2Ev
                0x0800109c        0x2 TouchGFX/build/STM32F429IDISCO/TouchGFX/generated/gui_generated/src/containers/digitsBase.o
                0x0800109c                digitsBase::~digitsBase()
                0x0800109c                digitsBase::~digitsBase()
 .text._ZN10digitsBase10initializeEv
                0x0800109e        0x2 TouchGFX/build/STM32F429IDISCO/TouchGFX/generated/gui_generated/src/containers/digitsBase.o
                0x0800109e                digitsBase::initialize()
 .text._ZN10digitsBaseD0Ev
                0x080010a0       0x10 TouchGFX/build/STM32F429IDISCO/TouchGFX/generated/gui_generated/src/containers/digitsBase.o
                0x080010a0                digitsBase::~digitsBase()
 .text._ZN8touchgfx8DrawableC2Ev
                0x080010b0       0x30 TouchGFX/build/STM32F429IDISCO/TouchGFX/generated/gui_generated/src/containers/digitsBase.o
                0x080010b0                touchgfx::Drawable::Drawable()
                0x080010b0                touchgfx::Drawable::Drawable()
 .text._ZN8touchgfx8Drawable5setXYEss
                0x080010e0       0x1a TouchGFX/build/STM32F429IDISCO/TouchGFX/generated/gui_generated/src/containers/digitsBase.o
                0x080010e0                touchgfx::Drawable::setXY(short, short)
 *fill*         0x080010fa        0x2 
 .text._ZN8touchgfx5ImageC2ERKNS_6BitmapE
                0x080010fc       0x34 TouchGFX/build/STM32F429IDISCO/TouchGFX/generated/gui_generated/src/containers/digitsBase.o
                0x080010fc                touchgfx::Image::Image(touchgfx::Bitmap const&)
                0x080010fc                touchgfx::Image::Image(touchgfx::Bitmap const&)
 .text._ZN8touchgfx8TextAreaC2Ev
                0x08001130       0x40 TouchGFX/build/STM32F429IDISCO/TouchGFX/generated/gui_generated/src/containers/digitsBase.o
                0x08001130                touchgfx::TextArea::TextArea()
                0x08001130                touchgfx::TextArea::TextArea()
 .text._ZN10digitsBaseC2Ev
                0x08001170      0x36c TouchGFX/build/STM32F429IDISCO/TouchGFX/generated/gui_generated/src/containers/digitsBase.o
                0x08001170                digitsBase::digitsBase()
                0x08001170                digitsBase::digitsBase()
 .text._ZN14tempWindowBase13toggleTempBtnEv
                0x080014dc        0x2 TouchGFX/build/STM32F429IDISCO/TouchGFX/generated/gui_generated/src/containers/tempWindowBase.o
                0x080014dc                tempWindowBase::toggleTempBtn()
 .text._ZN8touchgfx16ImageButtonStyleINS_18ClickButtonTriggerEED2Ev
                0x080014de        0x2 TouchGFX/build/STM32F429IDISCO/TouchGFX/generated/gui_generated/src/containers/tempWindowBase.o
                0x080014de                touchgfx::ImageButtonStyle<touchgfx::ClickButtonTrigger>::~ImageButtonStyle()
                0x080014de                touchgfx::ImageButtonStyle<touchgfx::ClickButtonTrigger>::~ImageButtonStyle()
 .text._ZN8touchgfx8CallbackI14tempWindowBaseRKNS_23AbstractButtonContainerEvvED2Ev
                0x080014e0        0x2 TouchGFX/build/STM32F429IDISCO/TouchGFX/generated/gui_generated/src/containers/tempWindowBase.o
                0x080014e0                touchgfx::Callback<tempWindowBase, touchgfx::AbstractButtonContainer const&, void, void>::~Callback()
                0x080014e0                touchgfx::Callback<tempWindowBase, touchgfx::AbstractButtonContainer const&, void, void>::~Callback()
 .text._ZN8touchgfx15TextButtonStyleINS_16ImageButtonStyleINS_18ClickButtonTriggerEEEED2Ev
                0x080014e2        0x2 TouchGFX/build/STM32F429IDISCO/TouchGFX/generated/gui_generated/src/containers/tempWindowBase.o
                0x080014e2                touchgfx::TextButtonStyle<touchgfx::ImageButtonStyle<touchgfx::ClickButtonTrigger> >::~TextButtonStyle()
                0x080014e2                touchgfx::TextButtonStyle<touchgfx::ImageButtonStyle<touchgfx::ClickButtonTrigger> >::~TextButtonStyle()
 .text._ZN8touchgfx8CallbackI14tempWindowBaseRKNS_23AbstractButtonContainerEvvE7executeES4_
                0x080014e4       0x1e TouchGFX/build/STM32F429IDISCO/TouchGFX/generated/gui_generated/src/containers/tempWindowBase.o
                0x080014e4                touchgfx::Callback<tempWindowBase, touchgfx::AbstractButtonContainer const&, void, void>::execute(touchgfx::AbstractButtonContainer const&)
 .text._ZNK8touchgfx8CallbackI14tempWindowBaseRKNS_23AbstractButtonContainerEvvE7isValidEv
                0x08001502       0x18 TouchGFX/build/STM32F429IDISCO/TouchGFX/generated/gui_generated/src/containers/tempWindowBase.o
                0x08001502                touchgfx::Callback<tempWindowBase, touchgfx::AbstractButtonContainer const&, void, void>::isValid() const
 .text._ZN8touchgfx15TextButtonStyleINS_16ImageButtonStyleINS_18ClickButtonTriggerEEEE18handleAlphaUpdatedEv
                0x0800151a        0xe TouchGFX/build/STM32F429IDISCO/TouchGFX/generated/gui_generated/src/containers/tempWindowBase.o
                0x0800151a                touchgfx::TextButtonStyle<touchgfx::ImageButtonStyle<touchgfx::ClickButtonTrigger> >::handleAlphaUpdated()
 .text._ZN8touchgfx16ImageButtonStyleINS_18ClickButtonTriggerEE18handleAlphaUpdatedEv
                0x08001528        0xa TouchGFX/build/STM32F429IDISCO/TouchGFX/generated/gui_generated/src/containers/tempWindowBase.o
                0x08001528                touchgfx::ImageButtonStyle<touchgfx::ClickButtonTrigger>::handleAlphaUpdated()
 .text._ZN8touchgfx16ImageButtonStyleINS_18ClickButtonTriggerEE20handlePressedUpdatedEv
                0x08001532       0x14 TouchGFX/build/STM32F429IDISCO/TouchGFX/generated/gui_generated/src/containers/tempWindowBase.o
                0x08001532                touchgfx::ImageButtonStyle<touchgfx::ClickButtonTrigger>::handlePressedUpdated()
 .text._ZN8touchgfx15TextButtonStyleINS_16ImageButtonStyleINS_18ClickButtonTriggerEEEE20handlePressedUpdatedEv
                0x08001546       0x1c TouchGFX/build/STM32F429IDISCO/TouchGFX/generated/gui_generated/src/containers/tempWindowBase.o
                0x08001546                touchgfx::TextButtonStyle<touchgfx::ImageButtonStyle<touchgfx::ClickButtonTrigger> >::handlePressedUpdated()
 .text._ZN8touchgfx16ImageButtonStyleINS_18ClickButtonTriggerEED0Ev
                0x08001562        0xe TouchGFX/build/STM32F429IDISCO/TouchGFX/generated/gui_generated/src/containers/tempWindowBase.o
                0x08001562                touchgfx::ImageButtonStyle<touchgfx::ClickButtonTrigger>::~ImageButtonStyle()
 .text._ZN8touchgfx15TextButtonStyleINS_16ImageButtonStyleINS_18ClickButtonTriggerEEEED0Ev
                0x08001570        0xe TouchGFX/build/STM32F429IDISCO/TouchGFX/generated/gui_generated/src/containers/tempWindowBase.o
                0x08001570                touchgfx::TextButtonStyle<touchgfx::ImageButtonStyle<touchgfx::ClickButtonTrigger> >::~TextButtonStyle()
 .text._ZN8touchgfx8CallbackI14tempWindowBaseRKNS_23AbstractButtonContainerEvvED0Ev
                0x0800157e        0xe TouchGFX/build/STM32F429IDISCO/TouchGFX/generated/gui_generated/src/containers/tempWindowBase.o
                0x0800157e                touchgfx::Callback<tempWindowBase, touchgfx::AbstractButtonContainer const&, void, void>::~Callback()
 .text._ZN14tempWindowBase10initializeEv
                0x0800158c       0x16 TouchGFX/build/STM32F429IDISCO/TouchGFX/generated/gui_generated/src/containers/tempWindowBase.o
                0x0800158c                tempWindowBase::initialize()
 .text._ZN8touchgfx23AbstractButtonContainer13executeActionEv
                0x080015a2       0x20 TouchGFX/build/STM32F429IDISCO/TouchGFX/generated/gui_generated/src/containers/tempWindowBase.o
                0x080015a2                touchgfx::AbstractButtonContainer::executeAction()
 .text._ZN14tempWindowBase25flexButtonCallbackHandlerERKN8touchgfx23AbstractButtonContainerE
                0x080015c2       0x12 TouchGFX/build/STM32F429IDISCO/TouchGFX/generated/gui_generated/src/containers/tempWindowBase.o
                0x080015c2                tempWindowBase::flexButtonCallbackHandler(touchgfx::AbstractButtonContainer const&)
 .text._ZN8touchgfx18ClickButtonTrigger16handleClickEventERKNS_10ClickEventE
                0x080015d4       0x48 TouchGFX/build/STM32F429IDISCO/TouchGFX/generated/gui_generated/src/containers/tempWindowBase.o
                0x080015d4                touchgfx::ClickButtonTrigger::handleClickEvent(touchgfx::ClickEvent const&)
 .text._ZN8touchgfx8Drawable14setWidthHeightEss
                0x0800161c       0x1a TouchGFX/build/STM32F429IDISCO/TouchGFX/generated/gui_generated/src/containers/tempWindowBase.o
                0x0800161c                touchgfx::Drawable::setWidthHeight(short, short)
 .text._ZN8touchgfx16ImageButtonStyleINS_18ClickButtonTriggerEE10setBitmapsERKNS_6BitmapES5_
                0x08001636       0x38 TouchGFX/build/STM32F429IDISCO/TouchGFX/generated/gui_generated/src/containers/tempWindowBase.o
                0x08001636                touchgfx::ImageButtonStyle<touchgfx::ClickButtonTrigger>::setBitmaps(touchgfx::Bitmap const&, touchgfx::Bitmap const&)
 *fill*         0x0800166e        0x2 
 .text._ZN8touchgfx15TextButtonStyleINS_16ImageButtonStyleINS_18ClickButtonTriggerEEEEC2Ev
                0x08001670       0xac TouchGFX/build/STM32F429IDISCO/TouchGFX/generated/gui_generated/src/containers/tempWindowBase.o
                0x08001670                touchgfx::TextButtonStyle<touchgfx::ImageButtonStyle<touchgfx::ClickButtonTrigger> >::TextButtonStyle()
                0x08001670                touchgfx::TextButtonStyle<touchgfx::ImageButtonStyle<touchgfx::ClickButtonTrigger> >::TextButtonStyle()
 .text._ZN14tempWindowBaseC2Ev
                0x0800171c      0x1bc TouchGFX/build/STM32F429IDISCO/TouchGFX/generated/gui_generated/src/containers/tempWindowBase.o
                0x0800171c                tempWindowBase::tempWindowBase()
                0x0800171c                tempWindowBase::tempWindowBase()
 .text._ZN13humWindowBase12toggleHumBtnEv
                0x080018d8        0x2 TouchGFX/build/STM32F429IDISCO/TouchGFX/generated/gui_generated/src/containers/humWindowBase.o
                0x080018d8                humWindowBase::toggleHumBtn()
 .text._ZN8touchgfx8CallbackI13humWindowBaseRKNS_23AbstractButtonContainerEvvED2Ev
                0x080018da        0x2 TouchGFX/build/STM32F429IDISCO/TouchGFX/generated/gui_generated/src/containers/humWindowBase.o
                0x080018da                touchgfx::Callback<humWindowBase, touchgfx::AbstractButtonContainer const&, void, void>::~Callback()
                0x080018da                touchgfx::Callback<humWindowBase, touchgfx::AbstractButtonContainer const&, void, void>::~Callback()
 .text._ZN8touchgfx8CallbackI13humWindowBaseRKNS_23AbstractButtonContainerEvvE7executeES4_
                0x080018dc       0x1e TouchGFX/build/STM32F429IDISCO/TouchGFX/generated/gui_generated/src/containers/humWindowBase.o
                0x080018dc                touchgfx::Callback<humWindowBase, touchgfx::AbstractButtonContainer const&, void, void>::execute(touchgfx::AbstractButtonContainer const&)
 .text._ZNK8touchgfx8CallbackI13humWindowBaseRKNS_23AbstractButtonContainerEvvE7isValidEv
                0x080018fa       0x18 TouchGFX/build/STM32F429IDISCO/TouchGFX/generated/gui_generated/src/containers/humWindowBase.o
                0x080018fa                touchgfx::Callback<humWindowBase, touchgfx::AbstractButtonContainer const&, void, void>::isValid() const
 .text._ZN8touchgfx8CallbackI13humWindowBaseRKNS_23AbstractButtonContainerEvvED0Ev
                0x08001912        0xe TouchGFX/build/STM32F429IDISCO/TouchGFX/generated/gui_generated/src/containers/humWindowBase.o
                0x08001912                touchgfx::Callback<humWindowBase, touchgfx::AbstractButtonContainer const&, void, void>::~Callback()
 .text._ZN13humWindowBase10initializeEv
                0x08001920       0x18 TouchGFX/build/STM32F429IDISCO/TouchGFX/generated/gui_generated/src/containers/humWindowBase.o
                0x08001920                humWindowBase::initialize()
 .text._ZN13humWindowBase25flexButtonCallbackHandlerERKN8touchgfx23AbstractButtonContainerE
                0x08001938       0x12 TouchGFX/build/STM32F429IDISCO/TouchGFX/generated/gui_generated/src/containers/humWindowBase.o
                0x08001938                humWindowBase::flexButtonCallbackHandler(touchgfx::AbstractButtonContainer const&)
 *fill*         0x0800194a        0x2 
 .text._ZN13humWindowBaseC2Ev
                0x0800194c      0x1bc TouchGFX/build/STM32F429IDISCO/TouchGFX/generated/gui_generated/src/containers/humWindowBase.o
                0x0800194c                humWindowBase::humWindowBase()
                0x0800194c                humWindowBase::humWindowBase()
 .text._ZN11humDispBase10initializeEv
                0x08001b08        0x6 TouchGFX/build/STM32F429IDISCO/TouchGFX/generated/gui_generated/src/containers/humDispBase.o
                0x08001b08                humDispBase::initialize()
 *fill*         0x08001b0e        0x2 
 .text._ZN11humDispBaseD2Ev
                0x08001b10       0x18 TouchGFX/build/STM32F429IDISCO/TouchGFX/generated/gui_generated/src/containers/humDispBase.o
                0x08001b10                humDispBase::~humDispBase()
                0x08001b10                humDispBase::~humDispBase()
 .text._ZN11humDispBaseD0Ev
                0x08001b28       0x16 TouchGFX/build/STM32F429IDISCO/TouchGFX/generated/gui_generated/src/containers/humDispBase.o
                0x08001b28                humDispBase::~humDispBase()
 *fill*         0x08001b3e        0x2 
 .text._ZN11humDispBaseC2Ev
                0x08001b40       0xe8 TouchGFX/build/STM32F429IDISCO/TouchGFX/generated/gui_generated/src/containers/humDispBase.o
                0x08001b40                humDispBase::humDispBase()
                0x08001b40                humDispBase::humDispBase()
 .text._ZN8touchgfx6Screen11setupScreenEv
                0x08001c28        0x2 TouchGFX/build/STM32F429IDISCO/TouchGFX/generated/gui_generated/src/mainscreen_screen/mainScreenViewBase.o
                0x08001c28                touchgfx::Screen::setupScreen()
 .text._ZN8touchgfx6Screen14tearDownScreenEv
                0x08001c2a        0x2 TouchGFX/build/STM32F429IDISCO/TouchGFX/generated/gui_generated/src/mainscreen_screen/mainScreenViewBase.o
                0x08001c2a                touchgfx::Screen::tearDownScreen()
 .text._ZN18mainScreenViewBase12upBtnClickedEv
                0x08001c2c        0x2 TouchGFX/build/STM32F429IDISCO/TouchGFX/generated/gui_generated/src/mainscreen_screen/mainScreenViewBase.o
                0x08001c2c                mainScreenViewBase::upBtnClicked()
 .text._ZN18mainScreenViewBase14downBtnClickedEv
                0x08001c2e        0x2 TouchGFX/build/STM32F429IDISCO/TouchGFX/generated/gui_generated/src/mainscreen_screen/mainScreenViewBase.o
                0x08001c2e                mainScreenViewBase::downBtnClicked()
 .text._ZN18mainScreenViewBase15rightBtnClickedEv
                0x08001c30        0x2 TouchGFX/build/STM32F429IDISCO/TouchGFX/generated/gui_generated/src/mainscreen_screen/mainScreenViewBase.o
                0x08001c30                mainScreenViewBase::rightBtnClicked()
 .text._ZN18mainScreenViewBase14leftBtnClickedEv
                0x08001c32        0x2 TouchGFX/build/STM32F429IDISCO/TouchGFX/generated/gui_generated/src/mainscreen_screen/mainScreenViewBase.o
                0x08001c32                mainScreenViewBase::leftBtnClicked()
 .text._ZN8touchgfx8CallbackI18mainScreenViewBaseRKNS_23AbstractButtonContainerEvvED2Ev
                0x08001c34        0x2 TouchGFX/build/STM32F429IDISCO/TouchGFX/generated/gui_generated/src/mainscreen_screen/mainScreenViewBase.o
                0x08001c34                touchgfx::Callback<mainScreenViewBase, touchgfx::AbstractButtonContainer const&, void, void>::~Callback()
                0x08001c34                touchgfx::Callback<mainScreenViewBase, touchgfx::AbstractButtonContainer const&, void, void>::~Callback()
 .text._ZN8touchgfx15IconButtonStyleINS_16ImageButtonStyleINS_18ClickButtonTriggerEEEED2Ev
                0x08001c36        0x2 TouchGFX/build/STM32F429IDISCO/TouchGFX/generated/gui_generated/src/mainscreen_screen/mainScreenViewBase.o
                0x08001c36                touchgfx::IconButtonStyle<touchgfx::ImageButtonStyle<touchgfx::ClickButtonTrigger> >::~IconButtonStyle()
                0x08001c36                touchgfx::IconButtonStyle<touchgfx::ImageButtonStyle<touchgfx::ClickButtonTrigger> >::~IconButtonStyle()
 .text._ZN8touchgfx8CallbackI18mainScreenViewBaseRKNS_23AbstractButtonContainerEvvE7executeES4_
                0x08001c38       0x1e TouchGFX/build/STM32F429IDISCO/TouchGFX/generated/gui_generated/src/mainscreen_screen/mainScreenViewBase.o
                0x08001c38                touchgfx::Callback<mainScreenViewBase, touchgfx::AbstractButtonContainer const&, void, void>::execute(touchgfx::AbstractButtonContainer const&)
 .text._ZNK8touchgfx8CallbackI18mainScreenViewBaseRKNS_23AbstractButtonContainerEvvE7isValidEv
                0x08001c56       0x18 TouchGFX/build/STM32F429IDISCO/TouchGFX/generated/gui_generated/src/mainscreen_screen/mainScreenViewBase.o
                0x08001c56                touchgfx::Callback<mainScreenViewBase, touchgfx::AbstractButtonContainer const&, void, void>::isValid() const
 .text._ZN8touchgfx15IconButtonStyleINS_16ImageButtonStyleINS_18ClickButtonTriggerEEEE18handleAlphaUpdatedEv
                0x08001c6e        0xe TouchGFX/build/STM32F429IDISCO/TouchGFX/generated/gui_generated/src/mainscreen_screen/mainScreenViewBase.o
                0x08001c6e                touchgfx::IconButtonStyle<touchgfx::ImageButtonStyle<touchgfx::ClickButtonTrigger> >::handleAlphaUpdated()
 .text._ZN8touchgfx15IconButtonStyleINS_16ImageButtonStyleINS_18ClickButtonTriggerEEEED0Ev
                0x08001c7c        0xe TouchGFX/build/STM32F429IDISCO/TouchGFX/generated/gui_generated/src/mainscreen_screen/mainScreenViewBase.o
                0x08001c7c                touchgfx::IconButtonStyle<touchgfx::ImageButtonStyle<touchgfx::ClickButtonTrigger> >::~IconButtonStyle()
 .text._ZN8touchgfx8CallbackI18mainScreenViewBaseRKNS_23AbstractButtonContainerEvvED0Ev
                0x08001c8a        0xe TouchGFX/build/STM32F429IDISCO/TouchGFX/generated/gui_generated/src/mainscreen_screen/mainScreenViewBase.o
                0x08001c8a                touchgfx::Callback<mainScreenViewBase, touchgfx::AbstractButtonContainer const&, void, void>::~Callback()
 .text._ZN8touchgfx15IconButtonStyleINS_16ImageButtonStyleINS_18ClickButtonTriggerEEEE20handlePressedUpdatedEv
                0x08001c98       0x22 TouchGFX/build/STM32F429IDISCO/TouchGFX/generated/gui_generated/src/mainscreen_screen/mainScreenViewBase.o
                0x08001c98                touchgfx::IconButtonStyle<touchgfx::ImageButtonStyle<touchgfx::ClickButtonTrigger> >::handlePressedUpdated()
 .text._ZN18mainScreenViewBase11setupScreenEv
                0x08001cba       0x18 TouchGFX/build/STM32F429IDISCO/TouchGFX/generated/gui_generated/src/mainscreen_screen/mainScreenViewBase.o
                0x08001cba                mainScreenViewBase::setupScreen()
 .text._ZN18mainScreenViewBase25flexButtonCallbackHandlerERKN8touchgfx23AbstractButtonContainerE
                0x08001cd2       0x3a TouchGFX/build/STM32F429IDISCO/TouchGFX/generated/gui_generated/src/mainscreen_screen/mainScreenViewBase.o
                0x08001cd2                mainScreenViewBase::flexButtonCallbackHandler(touchgfx::AbstractButtonContainer const&)
 .text._ZN8touchgfx15IconButtonStyleINS_16ImageButtonStyleINS_18ClickButtonTriggerEEEE14setIconBitmapsERKNS_6BitmapES7_
                0x08001d0c       0x5c TouchGFX/build/STM32F429IDISCO/TouchGFX/generated/gui_generated/src/mainscreen_screen/mainScreenViewBase.o
                0x08001d0c                touchgfx::IconButtonStyle<touchgfx::ImageButtonStyle<touchgfx::ClickButtonTrigger> >::setIconBitmaps(touchgfx::Bitmap const&, touchgfx::Bitmap const&)
 .text._ZN8touchgfx8Drawable11setPositionEssss
                0x08001d68       0x18 TouchGFX/build/STM32F429IDISCO/TouchGFX/generated/gui_generated/src/mainscreen_screen/mainScreenViewBase.o
                0x08001d68                touchgfx::Drawable::setPosition(short, short, short, short)
 .text._ZN8touchgfx3BoxC2Ev
                0x08001d80       0x28 TouchGFX/build/STM32F429IDISCO/TouchGFX/generated/gui_generated/src/mainscreen_screen/mainScreenViewBase.o
                0x08001d80                touchgfx::Box::Box()
                0x08001d80                touchgfx::Box::Box()
 .text._ZN18mainScreenViewBaseD2Ev
                0x08001da8       0x34 TouchGFX/build/STM32F429IDISCO/TouchGFX/generated/gui_generated/src/mainscreen_screen/mainScreenViewBase.o
                0x08001da8                mainScreenViewBase::~mainScreenViewBase()
                0x08001da8                mainScreenViewBase::~mainScreenViewBase()
 .text._ZN18mainScreenViewBaseD0Ev
                0x08001ddc       0x16 TouchGFX/build/STM32F429IDISCO/TouchGFX/generated/gui_generated/src/mainscreen_screen/mainScreenViewBase.o
                0x08001ddc                mainScreenViewBase::~mainScreenViewBase()
 *fill*         0x08001df2        0x2 
 .text._ZN8touchgfx15IconButtonStyleINS_16ImageButtonStyleINS_18ClickButtonTriggerEEEEC2Ev
                0x08001df4       0x90 TouchGFX/build/STM32F429IDISCO/TouchGFX/generated/gui_generated/src/mainscreen_screen/mainScreenViewBase.o
                0x08001df4                touchgfx::IconButtonStyle<touchgfx::ImageButtonStyle<touchgfx::ClickButtonTrigger> >::IconButtonStyle()
                0x08001df4                touchgfx::IconButtonStyle<touchgfx::ImageButtonStyle<touchgfx::ClickButtonTrigger> >::IconButtonStyle()
 .text._ZN18mainScreenViewBaseC2Ev
                0x08001e84      0x278 TouchGFX/build/STM32F429IDISCO/TouchGFX/generated/gui_generated/src/mainscreen_screen/mainScreenViewBase.o
                0x08001e84                mainScreenViewBase::mainScreenViewBase()
                0x08001e84                mainScreenViewBase::mainScreenViewBase()
 .text._ZN8touchgfx10Transition8tearDownEv
                0x080020fc        0x2 TouchGFX/build/STM32F429IDISCO/TouchGFX/generated/gui_generated/src/common/FrontendApplicationBase.o
                0x080020fc                touchgfx::Transition::tearDown()
 .text._ZN8touchgfx10Transition4initEv
                0x080020fe        0x2 TouchGFX/build/STM32F429IDISCO/TouchGFX/generated/gui_generated/src/common/FrontendApplicationBase.o
                0x080020fe                touchgfx::Transition::init()
 .text._ZN8touchgfx10Transition18setScreenContainerERNS_9ContainerE
                0x08002100        0x4 TouchGFX/build/STM32F429IDISCO/TouchGFX/generated/gui_generated/src/common/FrontendApplicationBase.o
                0x08002100                touchgfx::Transition::setScreenContainer(touchgfx::Container&)
 .text._ZN23FrontendApplicationBaseD2Ev
                0x08002104        0x2 TouchGFX/build/STM32F429IDISCO/TouchGFX/generated/gui_generated/src/common/FrontendApplicationBase.o
                0x08002104                FrontendApplicationBase::~FrontendApplicationBase()
                0x08002104                FrontendApplicationBase::~FrontendApplicationBase()
 .text._ZN8touchgfx12NoTransition15handleTickEventEv
                0x08002106        0x6 TouchGFX/build/STM32F429IDISCO/TouchGFX/generated/gui_generated/src/common/FrontendApplicationBase.o
                0x08002106                touchgfx::NoTransition::handleTickEvent()
 .text._ZN8touchgfx12NoTransitionD2Ev
                0x0800210c        0x2 TouchGFX/build/STM32F429IDISCO/TouchGFX/generated/gui_generated/src/common/FrontendApplicationBase.o
                0x0800210c                touchgfx::NoTransition::~NoTransition()
                0x0800210c                touchgfx::NoTransition::~NoTransition()
 .text._ZN8touchgfx8CallbackI23FrontendApplicationBasevvvED2Ev
                0x0800210e        0x2 TouchGFX/build/STM32F429IDISCO/TouchGFX/generated/gui_generated/src/common/FrontendApplicationBase.o
                0x0800210e                touchgfx::Callback<FrontendApplicationBase, void, void, void>::~Callback()
                0x0800210e                touchgfx::Callback<FrontendApplicationBase, void, void, void>::~Callback()
 .text._ZN8touchgfx8CallbackI23FrontendApplicationBasevvvE7executeEv
                0x08002110       0x20 TouchGFX/build/STM32F429IDISCO/TouchGFX/generated/gui_generated/src/common/FrontendApplicationBase.o
                0x08002110                touchgfx::Callback<FrontendApplicationBase, void, void, void>::execute()
 .text._ZNK8touchgfx8CallbackI23FrontendApplicationBasevvvE7isValidEv
                0x08002130       0x18 TouchGFX/build/STM32F429IDISCO/TouchGFX/generated/gui_generated/src/common/FrontendApplicationBase.o
                0x08002130                touchgfx::Callback<FrontendApplicationBase, void, void, void>::isValid() const
 .text._ZN8touchgfx12NoTransitionD0Ev
                0x08002148        0xe TouchGFX/build/STM32F429IDISCO/TouchGFX/generated/gui_generated/src/common/FrontendApplicationBase.o
                0x08002148                touchgfx::NoTransition::~NoTransition()
 .text._ZN23FrontendApplicationBaseD0Ev
                0x08002156       0x10 TouchGFX/build/STM32F429IDISCO/TouchGFX/generated/gui_generated/src/common/FrontendApplicationBase.o
                0x08002156                FrontendApplicationBase::~FrontendApplicationBase()
 .text._ZN8touchgfx8CallbackI23FrontendApplicationBasevvvED0Ev
                0x08002166        0xe TouchGFX/build/STM32F429IDISCO/TouchGFX/generated/gui_generated/src/common/FrontendApplicationBase.o
                0x08002166                touchgfx::Callback<FrontendApplicationBase, void, void, void>::~Callback()
 .text._ZN8touchgfx10Transition10invalidateEv
                0x08002174       0x10 TouchGFX/build/STM32F429IDISCO/TouchGFX/generated/gui_generated/src/common/FrontendApplicationBase.o
                0x08002174                touchgfx::Transition::invalidate()
 .text._ZN23FrontendApplicationBaseC2ER5ModelR12FrontendHeap
                0x08002184       0x70 TouchGFX/build/STM32F429IDISCO/TouchGFX/generated/gui_generated/src/common/FrontendApplicationBase.o
                0x08002184                FrontendApplicationBase::FrontendApplicationBase(Model&, FrontendHeap&)
                0x08002184                FrontendApplicationBase::FrontendApplicationBase(Model&, FrontendHeap&)
 .text._ZN23FrontendApplicationBase32gotomainScreenScreenNoTransitionEv
                0x080021f4       0x20 TouchGFX/build/STM32F429IDISCO/TouchGFX/generated/gui_generated/src/common/FrontendApplicationBase.o
                0x080021f4                FrontendApplicationBase::gotomainScreenScreenNoTransition()
 .text._ZN8touchgfx14makeTransitionI14mainScreenView19mainScreenPresenterNS_12NoTransitionE5ModelEEPT0_PPNS_6ScreenEPPNS_9PresenterERNS_7MVPHeapEPPNS_10TransitionEPT2_
                0x08002214      0x140 TouchGFX/build/STM32F429IDISCO/TouchGFX/generated/gui_generated/src/common/FrontendApplicationBase.o
                0x08002214                mainScreenPresenter* touchgfx::makeTransition<mainScreenView, mainScreenPresenter, touchgfx::NoTransition, Model>(touchgfx::Screen**, touchgfx::Presenter**, touchgfx::MVPHeap&, touchgfx::Transition**, Model*)
 .text._ZN23FrontendApplicationBase36gotomainScreenScreenNoTransitionImplEv
                0x08002354       0x28 TouchGFX/build/STM32F429IDISCO/TouchGFX/generated/gui_generated/src/common/FrontendApplicationBase.o
                0x08002354                FrontendApplicationBase::gotomainScreenScreenNoTransitionImpl()
 .text._ZNK8touchgfx4Font8getGlyphEt
                0x0800237c       0x1e TouchGFX/build/STM32F429IDISCO/TouchGFX/generated/fonts/src/GeneratedFont.o
                0x0800237c                touchgfx::Font::getGlyph(unsigned short) const
 .text._ZNK8touchgfx4Font15getFallbackCharEv
                0x0800239a        0x4 TouchGFX/build/STM32F429IDISCO/TouchGFX/generated/fonts/src/GeneratedFont.o
                0x0800239a                touchgfx::Font::getFallbackChar() const
 .text._ZNK8touchgfx4Font15getEllipsisCharEv
                0x0800239e        0x4 TouchGFX/build/STM32F429IDISCO/TouchGFX/generated/fonts/src/GeneratedFont.o
                0x0800239e                touchgfx::Font::getEllipsisChar() const
 .text._ZNK8touchgfx4Font13getFontHeightEv
                0x080023a2        0x4 TouchGFX/build/STM32F429IDISCO/TouchGFX/generated/fonts/src/GeneratedFont.o
                0x080023a2                touchgfx::Font::getFontHeight() const
 .text._ZNK8touchgfx4Font20getMinimumTextHeightEv
                0x080023a6        0xa TouchGFX/build/STM32F429IDISCO/TouchGFX/generated/fonts/src/GeneratedFont.o
                0x080023a6                touchgfx::Font::getMinimumTextHeight() const
 .text._ZNK8touchgfx4Font15getBitsPerPixelEv
                0x080023b0        0x8 TouchGFX/build/STM32F429IDISCO/TouchGFX/generated/fonts/src/GeneratedFont.o
                0x080023b0                touchgfx::Font::getBitsPerPixel() const
 .text._ZNK8touchgfx4Font15getByteAlignRowEv
                0x080023b8        0x6 TouchGFX/build/STM32F429IDISCO/TouchGFX/generated/fonts/src/GeneratedFont.o
                0x080023b8                touchgfx::Font::getByteAlignRow() const
 .text._ZNK8touchgfx13GeneratedFont12getGSUBTableEv
                0x080023be        0x4 TouchGFX/build/STM32F429IDISCO/TouchGFX/generated/fonts/src/GeneratedFont.o
                0x080023be                touchgfx::GeneratedFont::getGSUBTable() const
 .text._ZNK8touchgfx13GeneratedFont23getContextualFormsTableEv
                0x080023c2        0x4 TouchGFX/build/STM32F429IDISCO/TouchGFX/generated/fonts/src/GeneratedFont.o
                0x080023c2                touchgfx::GeneratedFont::getContextualFormsTable() const
 .text._ZN8touchgfx13GeneratedFontD2Ev
                0x080023c6        0x2 TouchGFX/build/STM32F429IDISCO/TouchGFX/generated/fonts/src/GeneratedFont.o
                0x080023c6                touchgfx::GeneratedFont::~GeneratedFont()
                0x080023c6                touchgfx::GeneratedFont::~GeneratedFont()
 .text._ZNK8touchgfx13GeneratedFont12getPixelDataEPKNS_9GlyphNodeE
                0x080023c8       0x10 TouchGFX/build/STM32F429IDISCO/TouchGFX/generated/fonts/src/GeneratedFont.o
                0x080023c8                touchgfx::GeneratedFont::getPixelData(touchgfx::GlyphNode const*) const
 .text._ZNK8touchgfx13GeneratedFont10getKerningEtPKNS_9GlyphNodeE
                0x080023d8       0x3a TouchGFX/build/STM32F429IDISCO/TouchGFX/generated/fonts/src/GeneratedFont.o
                0x080023d8                touchgfx::GeneratedFont::getKerning(unsigned short, touchgfx::GlyphNode const*) const
 .text._ZN8touchgfx13GeneratedFontD0Ev
                0x08002412        0xe TouchGFX/build/STM32F429IDISCO/TouchGFX/generated/fonts/src/GeneratedFont.o
                0x08002412                touchgfx::GeneratedFont::~GeneratedFont()
 .text._ZN8touchgfx13GeneratedFontC2EPKNS_9GlyphNodeEtthhhhhPKPKhPKNS_11KerningNodeEttPKtPKNS_24FontContextualFormsTableE
                0x08002420       0x54 TouchGFX/build/STM32F429IDISCO/TouchGFX/generated/fonts/src/GeneratedFont.o
                0x08002420                touchgfx::GeneratedFont::GeneratedFont(touchgfx::GlyphNode const*, unsigned short, unsigned short, unsigned char, unsigned char, unsigned char, unsigned char, unsigned char, unsigned char const* const*, touchgfx::KerningNode const*, unsigned short, unsigned short, unsigned short const*, touchgfx::FontContextualFormsTable const*)
                0x08002420                touchgfx::GeneratedFont::GeneratedFont(touchgfx::GlyphNode const*, unsigned short, unsigned short, unsigned char, unsigned char, unsigned char, unsigned char, unsigned char, unsigned char const* const*, touchgfx::KerningNode const*, unsigned short, unsigned short, unsigned short const*, touchgfx::FontContextualFormsTable const*)
 .text._Z23getFont_consola_12_4bppv
                0x08002474       0x78 TouchGFX/build/STM32F429IDISCO/TouchGFX/generated/fonts/src/Table_consola_12_4bpp.o
                0x08002474                getFont_consola_12_4bpp()
 .text._Z23getFont_verdana_10_4bppv
                0x080024ec       0x78 TouchGFX/build/STM32F429IDISCO/TouchGFX/generated/fonts/src/Table_verdana_10_4bpp.o
                0x080024ec                getFont_verdana_10_4bpp()
 .text._Z23getFont_consola_28_8bppv
                0x08002564       0x78 TouchGFX/build/STM32F429IDISCO/TouchGFX/generated/fonts/src/Table_consola_28_8bpp.o
                0x08002564                getFont_consola_28_8bpp()
 .text._Z24getFont_consolab_24_4bppv
                0x080025dc       0x7c TouchGFX/build/STM32F429IDISCO/TouchGFX/generated/fonts/src/Table_consolab_24_4bpp.o
                0x080025dc                getFont_consolab_24_4bpp()
 .text._Z23getFont_verdana_40_4bppv
                0x08002658       0x78 TouchGFX/build/STM32F429IDISCO/TouchGFX/generated/fonts/src/Table_verdana_40_4bpp.o
                0x08002658                getFont_verdana_40_4bpp()
 .text._Z23getFont_verdana_20_4bppv
                0x080026d0       0x78 TouchGFX/build/STM32F429IDISCO/TouchGFX/generated/fonts/src/Table_verdana_20_4bpp.o
                0x080026d0                getFont_verdana_20_4bpp()
 .text._ZN23ApplicationFontProviderD2Ev
                0x08002748        0x2 TouchGFX/build/STM32F429IDISCO/TouchGFX/generated/fonts/src/ApplicationFontProvider.o
                0x08002748                ApplicationFontProvider::~ApplicationFontProvider()
                0x08002748                ApplicationFontProvider::~ApplicationFontProvider()
 .text._ZN23ApplicationFontProviderD0Ev
                0x0800274a        0xe TouchGFX/build/STM32F429IDISCO/TouchGFX/generated/fonts/src/ApplicationFontProvider.o
                0x0800274a                ApplicationFontProvider::~ApplicationFontProvider()
 .text._ZN23ApplicationFontProvider7getFontEt
                0x08002758       0x4e TouchGFX/build/STM32F429IDISCO/TouchGFX/generated/fonts/src/ApplicationFontProvider.o
                0x08002758                ApplicationFontProvider::getFont(unsigned short)
 *fill*         0x080027a6        0x2 
 .text._Z23getFont_consola_14_4bppv
                0x080027a8       0x78 TouchGFX/build/STM32F429IDISCO/TouchGFX/generated/fonts/src/Table_consola_14_4bpp.o
                0x080027a8                getFont_consola_14_4bpp()
 .text._ZN14BitmapDatabase11getInstanceEv
                0x08002820        0x8 TouchGFX/build/STM32F429IDISCO/TouchGFX/generated/images/src/BitmapDatabase.o
                0x08002820                BitmapDatabase::getInstance()
 .text._ZN14BitmapDatabase15getInstanceSizeEv
                0x08002828        0x4 TouchGFX/build/STM32F429IDISCO/TouchGFX/generated/images/src/BitmapDatabase.o
                0x08002828                BitmapDatabase::getInstanceSize()
 .text._ZN17TypedTextDatabase15getInstanceSizeEv
                0x0800282c        0x4 TouchGFX/build/STM32F429IDISCO/TouchGFX/generated/texts/src/TypedTextDatabase.o
                0x0800282c                TypedTextDatabase::getInstanceSize()
 .text._ZN17TypedTextDatabase8getFontsEv
                0x08002830        0x8 TouchGFX/build/STM32F429IDISCO/TouchGFX/generated/texts/src/TypedTextDatabase.o
                0x08002830                TypedTextDatabase::getFonts()
 .text.startup._GLOBAL__sub_I_touchgfx_fonts
                0x08002838       0x34 TouchGFX/build/STM32F429IDISCO/TouchGFX/generated/texts/src/TypedTextDatabase.o
 .text._ZNK8touchgfx4Font12getGSUBTableEv
                0x0800286c        0x4 TouchGFX/build/STM32F429IDISCO/TouchGFX/generated/texts/src/Texts.o
                0x0800286c                touchgfx::Font::getGSUBTable() const
 .text._ZNK8touchgfx4Font23getContextualFormsTableEv
                0x08002870        0x4 TouchGFX/build/STM32F429IDISCO/TouchGFX/generated/texts/src/Texts.o
                0x08002870                touchgfx::Font::getContextualFormsTable() const
 .text._ZNK8touchgfx4Font14getStringWidthEPKtz
                0x08002874       0x1c TouchGFX/build/STM32F429IDISCO/TouchGFX/generated/texts/src/Texts.o
                0x08002874                touchgfx::Font::getStringWidth(unsigned short const*, ...) const
 .text._ZNK8touchgfx4Font14getStringWidthEhPKtz
                0x08002890       0x1a TouchGFX/build/STM32F429IDISCO/TouchGFX/generated/texts/src/Texts.o
                0x08002890                touchgfx::Font::getStringWidth(unsigned char, unsigned short const*, ...) const
 *fill*         0x080028aa        0x2 
 .text._ZN8touchgfx12TextProvider15getNextLigatureEh
                0x080028ac       0x84 TouchGFX/build/STM32F429IDISCO/TouchGFX/generated/texts/src/Texts.o
                0x080028ac                touchgfx::TextProvider::getNextLigature(unsigned char)
 .text._ZN8touchgfx12TextProvider18initializeInternalEv
                0x08002930        0x4 TouchGFX/build/STM32F429IDISCO/TouchGFX/generated/texts/src/Texts.o
                0x08002930                touchgfx::TextProvider::initializeInternal()
 .text._ZN8touchgfx3LCD10drawStringENS_4RectERKS1_RKNS0_13StringVisualsEPKtz
                0x08002934       0x22 TouchGFX/build/STM32F429IDISCO/TouchGFX/generated/texts/src/Texts.o
                0x08002934                touchgfx::LCD::drawString(touchgfx::Rect, touchgfx::Rect const&, touchgfx::LCD::StringVisuals const&, unsigned short const*, ...)
 *fill*         0x08002956        0x2 
 .text._ZN8touchgfx5Texts11setLanguageEt
                0x08002958       0x74 TouchGFX/build/STM32F429IDISCO/TouchGFX/generated/texts/src/Texts.o
                0x08002958                touchgfx::Texts::setLanguage(unsigned short)
 .text._ZNK8touchgfx5Texts7getTextEt
                0x080029cc       0x1c TouchGFX/build/STM32F429IDISCO/TouchGFX/generated/texts/src/Texts.o
                0x080029cc                touchgfx::Texts::getText(unsigned short) const
 .text._ZN8touchgfx3HAL21setDisplayOrientationENS_18DisplayOrientationE
                0x080029e8        0xc TouchGFX/build/STM32F429IDISCO/TouchGFX/target/generated/TouchGFXGeneratedHAL.o
                0x080029e8                touchgfx::HAL::setDisplayOrientation(touchgfx::DisplayOrientation)
 .text._ZN8touchgfx3HAL9sampleKeyERh
                0x080029f4        0x4 TouchGFX/build/STM32F429IDISCO/TouchGFX/target/generated/TouchGFXGeneratedHAL.o
                0x080029f4                touchgfx::HAL::sampleKey(unsigned char&)
 .text._ZNK8touchgfx3HAL18getFlashDataReaderEv
                0x080029f8        0x4 TouchGFX/build/STM32F429IDISCO/TouchGFX/target/generated/TouchGFXGeneratedHAL.o
                0x080029f8                touchgfx::HAL::getFlashDataReader() const
 .text._ZN8touchgfx3HAL9taskDelayEt
                0x080029fc        0xa TouchGFX/build/STM32F429IDISCO/TouchGFX/target/generated/TouchGFXGeneratedHAL.o
                0x080029fc                touchgfx::HAL::taskDelay(unsigned short)
 .text._ZN8touchgfx3HAL17getTFTCurrentLineEv
                0x08002a06        0x6 TouchGFX/build/STM32F429IDISCO/TouchGFX/target/generated/TouchGFXGeneratedHAL.o
                0x08002a06                touchgfx::HAL::getTFTCurrentLine()
 .text._ZN8touchgfx3HAL10getDMATypeEv
                0x08002a0c        0x8 TouchGFX/build/STM32F429IDISCO/TouchGFX/target/generated/TouchGFXGeneratedHAL.o
                0x08002a0c                touchgfx::HAL::getDMAType()
 .text._ZN8touchgfx3HAL15InvalidateCacheEv
                0x08002a14        0x2 TouchGFX/build/STM32F429IDISCO/TouchGFX/target/generated/TouchGFXGeneratedHAL.o
                0x08002a14                touchgfx::HAL::InvalidateCache()
 .text._ZN8touchgfx3HAL10FlushCacheEv
                0x08002a16        0x2 TouchGFX/build/STM32F429IDISCO/TouchGFX/target/generated/TouchGFXGeneratedHAL.o
                0x08002a16                touchgfx::HAL::FlushCache()
 .text._ZN20TouchGFXGeneratedHAL19configureInterruptsEv
                0x08002a18       0x14 TouchGFX/build/STM32F429IDISCO/TouchGFX/target/generated/TouchGFXGeneratedHAL.o
                0x08002a18                TouchGFXGeneratedHAL::configureInterrupts()
 .text._ZN20TouchGFXGeneratedHAL28enableLCDControllerInterruptEv
                0x08002a2c       0x34 TouchGFX/build/STM32F429IDISCO/TouchGFX/target/generated/TouchGFXGeneratedHAL.o
                0x08002a2c                TouchGFXGeneratedHAL::enableLCDControllerInterrupt()
 .text._ZNK20TouchGFXGeneratedHAL17getTFTFrameBufferEv
                0x08002a60        0xc TouchGFX/build/STM32F429IDISCO/TouchGFX/target/generated/TouchGFXGeneratedHAL.o
                0x08002a60                TouchGFXGeneratedHAL::getTFTFrameBuffer() const
 .text._ZN20TouchGFXGeneratedHAL17setTFTFrameBufferEPt
                0x08002a6c       0x10 TouchGFX/build/STM32F429IDISCO/TouchGFX/target/generated/TouchGFXGeneratedHAL.o
                0x08002a6c                TouchGFXGeneratedHAL::setTFTFrameBuffer(unsigned short*)
 .text._ZN20TouchGFXGeneratedHAL10initializeEv
                0x08002a7c       0x34 TouchGFX/build/STM32F429IDISCO/TouchGFX/target/generated/TouchGFXGeneratedHAL.o
                0x08002a7c                TouchGFXGeneratedHAL::initialize()
 .text._ZN8touchgfx3HAL28setFrameBufferStartAddressesEPvS1_S1_
                0x08002ab0       0x44 TouchGFX/build/STM32F429IDISCO/TouchGFX/target/generated/TouchGFXGeneratedHAL.o
                0x08002ab0                touchgfx::HAL::setFrameBufferStartAddresses(void*, void*, void*)
 .text._ZN8touchgfx3HAL18setFrameBufferSizeEtt
                0x08002af4       0x44 TouchGFX/build/STM32F429IDISCO/TouchGFX/target/generated/TouchGFXGeneratedHAL.o
                0x08002af4                touchgfx::HAL::setFrameBufferSize(unsigned short, unsigned short)
 .text._ZN20TouchGFXGeneratedHAL16flushFrameBufferERKN8touchgfx4RectE
                0x08002b38        0x4 TouchGFX/build/STM32F429IDISCO/TouchGFX/target/generated/TouchGFXGeneratedHAL.o
                0x08002b38                TouchGFXGeneratedHAL::flushFrameBuffer(touchgfx::Rect const&)
 .text._ZN8touchgfx3HAL15backPorchExitedEv
                0x08002b3c       0x16 TouchGFX/build/STM32F429IDISCO/TouchGFX/target/generated/TouchGFXGeneratedHAL.o
                0x08002b3c                touchgfx::HAL::backPorchExited()
 .text._ZN8touchgfx3HAL11getBlitCapsEv
                0x08002b52       0x12 TouchGFX/build/STM32F429IDISCO/TouchGFX/target/generated/TouchGFXGeneratedHAL.o
                0x08002b52                touchgfx::HAL::getBlitCaps()
 .text._ZN8touchgfx3HAL31performDisplayOrientationChangeEv
                0x08002b64       0x48 TouchGFX/build/STM32F429IDISCO/TouchGFX/target/generated/TouchGFXGeneratedHAL.o
                0x08002b64                touchgfx::HAL::performDisplayOrientationChange()
 .text._ZN20TouchGFXGeneratedHAL16enableInterruptsEv
                0x08002bac       0x14 TouchGFX/build/STM32F429IDISCO/TouchGFX/target/generated/TouchGFXGeneratedHAL.o
                0x08002bac                TouchGFXGeneratedHAL::enableInterrupts()
 .text._ZN20TouchGFXGeneratedHAL17disableInterruptsEv
                0x08002bc0       0x28 TouchGFX/build/STM32F429IDISCO/TouchGFX/target/generated/TouchGFXGeneratedHAL.o
                0x08002bc0                TouchGFXGeneratedHAL::disableInterrupts()
 .text.HAL_LTDC_LineEventCallback
                0x08002be8       0x60 TouchGFX/build/STM32F429IDISCO/TouchGFX/target/generated/TouchGFXGeneratedHAL.o
                0x08002be8                HAL_LTDC_LineEventCallback
 .text._ZN8touchgfx13DMA_Interface5flushEv
                0x08002c48        0x6 TouchGFX/build/STM32F429IDISCO/TouchGFX/target/generated/STM32DMA.o
                0x08002c48                touchgfx::DMA_Interface::flush()
 .text._ZN8touchgfx13DMA_Interface10getDMATypeEv
                0x08002c4e        0x4 TouchGFX/build/STM32F429IDISCO/TouchGFX/target/generated/STM32DMA.o
                0x08002c4e                touchgfx::DMA_Interface::getDMAType()
 .text._ZN10STM32F4DMA18signalDMAInterruptEv
                0x08002c52        0x6 TouchGFX/build/STM32F429IDISCO/TouchGFX/target/generated/STM32DMA.o
                0x08002c52                STM32F4DMA::signalDMAInterrupt()
 .text._ZN10STM32F4DMA11getBlitCapsEv
                0x08002c58        0x6 TouchGFX/build/STM32F429IDISCO/TouchGFX/target/generated/STM32DMA.o
                0x08002c58                STM32F4DMA::getBlitCaps()
 *fill*         0x08002c5e        0x2 
 .text._ZN10STM32F4DMA10initializeEv
                0x08002c60       0x34 TouchGFX/build/STM32F429IDISCO/TouchGFX/target/generated/STM32DMA.o
                0x08002c60                STM32F4DMA::initialize()
 .text.DMA2D_XferErrorCallback
                0x08002c94       0x1c TouchGFX/build/STM32F429IDISCO/TouchGFX/target/generated/STM32DMA.o
 .text.DMA2D_XferCpltCallback
                0x08002cb0       0x10 TouchGFX/build/STM32F429IDISCO/TouchGFX/target/generated/STM32DMA.o
 .text._ZN10STM32F4DMAD2Ev
                0x08002cc0       0x30 TouchGFX/build/STM32F429IDISCO/TouchGFX/target/generated/STM32DMA.o
                0x08002cc0                STM32F4DMA::~STM32F4DMA()
                0x08002cc0                STM32F4DMA::~STM32F4DMA()
 .text._ZN10STM32F4DMAD0Ev
                0x08002cf0       0x16 TouchGFX/build/STM32F429IDISCO/TouchGFX/target/generated/STM32DMA.o
                0x08002cf0                STM32F4DMA::~STM32F4DMA()
 *fill*         0x08002d06        0x2 
 .text._ZN8touchgfx3HAL3lcdEv
                0x08002d08       0x18 TouchGFX/build/STM32F429IDISCO/TouchGFX/target/generated/STM32DMA.o
                0x08002d08                touchgfx::HAL::lcd()
 .text._ZN10STM32F4DMA13setupDataCopyERKN8touchgfx6BlitOpE
                0x08002d20      0x1a4 TouchGFX/build/STM32F429IDISCO/TouchGFX/target/generated/STM32DMA.o
                0x08002d20                STM32F4DMA::setupDataCopy(touchgfx::BlitOp const&)
 .text._ZN10STM32F4DMA13setupDataFillERKN8touchgfx6BlitOpE
                0x08002ec4      0x104 TouchGFX/build/STM32F429IDISCO/TouchGFX/target/generated/STM32DMA.o
                0x08002ec4                STM32F4DMA::setupDataFill(touchgfx::BlitOp const&)
 .text._ZN10STM32F4DMAC2Ev
                0x08002fc8       0x34 TouchGFX/build/STM32F429IDISCO/TouchGFX/target/generated/STM32DMA.o
                0x08002fc8                STM32F4DMA::STM32F4DMA()
                0x08002fc8                STM32F4DMA::STM32F4DMA()
 .text._ZN8touchgfx10OSWrappers10initializeEv
                0x08002ffc       0x30 TouchGFX/build/STM32F429IDISCO/TouchGFX/target/generated/OSWrappers.o
                0x08002ffc                touchgfx::OSWrappers::initialize()
 .text._ZN8touchgfx10OSWrappers24takeFrameBufferSemaphoreEv
                0x0800302c       0x30 TouchGFX/build/STM32F429IDISCO/TouchGFX/target/generated/OSWrappers.o
                0x0800302c                touchgfx::OSWrappers::takeFrameBufferSemaphore()
 .text._ZN8touchgfx10OSWrappers24giveFrameBufferSemaphoreEv
                0x0800305c       0x2c TouchGFX/build/STM32F429IDISCO/TouchGFX/target/generated/OSWrappers.o
                0x0800305c                touchgfx::OSWrappers::giveFrameBufferSemaphore()
 .text._ZN8touchgfx10OSWrappers27tryTakeFrameBufferSemaphoreEv
                0x08003088       0x30 TouchGFX/build/STM32F429IDISCO/TouchGFX/target/generated/OSWrappers.o
                0x08003088                touchgfx::OSWrappers::tryTakeFrameBufferSemaphore()
 .text._ZN8touchgfx10OSWrappers31giveFrameBufferSemaphoreFromISREv
                0x080030b8       0x2c TouchGFX/build/STM32F429IDISCO/TouchGFX/target/generated/OSWrappers.o
                0x080030b8                touchgfx::OSWrappers::giveFrameBufferSemaphoreFromISR()
 .text._ZN8touchgfx10OSWrappers11signalVSyncEv
                0x080030e4       0x1c TouchGFX/build/STM32F429IDISCO/TouchGFX/target/generated/OSWrappers.o
                0x080030e4                touchgfx::OSWrappers::signalVSync()
 .text._ZN8touchgfx10OSWrappers12waitForVSyncEv
                0x08003100       0x28 TouchGFX/build/STM32F429IDISCO/TouchGFX/target/generated/OSWrappers.o
                0x08003100                touchgfx::OSWrappers::waitForVSync()
 .text._ZN20STM32TouchControllerD2Ev
                0x08003128        0x2 TouchGFX/build/STM32F429IDISCO/TouchGFX/target/generated/TouchGFXConfiguration.o
                0x08003128                STM32TouchController::~STM32TouchController()
                0x08003128                STM32TouchController::~STM32TouchController()
 .text._ZN8touchgfx8LCD16bppD2Ev
                0x0800312a        0x2 TouchGFX/build/STM32F429IDISCO/TouchGFX/target/generated/TouchGFXConfiguration.o
                0x0800312a                touchgfx::LCD16bpp::~LCD16bpp()
                0x0800312a                touchgfx::LCD16bpp::~LCD16bpp()
 .text._ZN11TouchGFXHALD2Ev
                0x0800312c        0x2 TouchGFX/build/STM32F429IDISCO/TouchGFX/target/generated/TouchGFXConfiguration.o
                0x0800312c                TouchGFXHAL::~TouchGFXHAL()
                0x0800312c                TouchGFXHAL::~TouchGFXHAL()
 .text._ZNK8touchgfx9PartitionINS_4meta8TypeListINS_12NoTransitionENS2_INS1_3NilES4_EEEELt1EE8capacityEv
                0x0800312e        0x4 TouchGFX/build/STM32F429IDISCO/TouchGFX/target/generated/TouchGFXConfiguration.o
                0x0800312e                touchgfx::Partition<touchgfx::meta::TypeList<touchgfx::NoTransition, touchgfx::meta::TypeList<touchgfx::meta::Nil, touchgfx::meta::Nil> >, (unsigned short)1>::capacity() const
 .text._ZN8touchgfx9PartitionINS_4meta8TypeListINS_12NoTransitionENS2_INS1_3NilES4_EEEELt1EE12element_sizeEv
                0x08003132        0x4 TouchGFX/build/STM32F429IDISCO/TouchGFX/target/generated/TouchGFXConfiguration.o
                0x08003132                touchgfx::Partition<touchgfx::meta::TypeList<touchgfx::NoTransition, touchgfx::meta::TypeList<touchgfx::meta::Nil, touchgfx::meta::Nil> >, (unsigned short)1>::element_size()
 .text._ZN8touchgfx9PartitionINS_4meta8TypeListINS_12NoTransitionENS2_INS1_3NilES4_EEEELt1EE7elementEt
                0x08003136        0xa TouchGFX/build/STM32F429IDISCO/TouchGFX/target/generated/TouchGFXConfiguration.o
                0x08003136                touchgfx::Partition<touchgfx::meta::TypeList<touchgfx::NoTransition, touchgfx::meta::TypeList<touchgfx::meta::Nil, touchgfx::meta::Nil> >, (unsigned short)1>::element(unsigned short)
 .text._ZNK8touchgfx9PartitionINS_4meta8TypeListINS_12NoTransitionENS2_INS1_3NilES4_EEEELt1EE7elementEt
                0x08003140        0xa TouchGFX/build/STM32F429IDISCO/TouchGFX/target/generated/TouchGFXConfiguration.o
                0x08003140                touchgfx::Partition<touchgfx::meta::TypeList<touchgfx::NoTransition, touchgfx::meta::TypeList<touchgfx::meta::Nil, touchgfx::meta::Nil> >, (unsigned short)1>::element(unsigned short) const
 .text._ZNK8touchgfx9PartitionINS_4meta8TypeListI14mainScreenViewNS2_INS1_3NilES4_EEEELt1EE8capacityEv
                0x0800314a        0x4 TouchGFX/build/STM32F429IDISCO/TouchGFX/target/generated/TouchGFXConfiguration.o
                0x0800314a                touchgfx::Partition<touchgfx::meta::TypeList<mainScreenView, touchgfx::meta::TypeList<touchgfx::meta::Nil, touchgfx::meta::Nil> >, (unsigned short)1>::capacity() const
 .text._ZN8touchgfx9PartitionINS_4meta8TypeListI14mainScreenViewNS2_INS1_3NilES4_EEEELt1EE12element_sizeEv
                0x0800314e        0x6 TouchGFX/build/STM32F429IDISCO/TouchGFX/target/generated/TouchGFXConfiguration.o
                0x0800314e                touchgfx::Partition<touchgfx::meta::TypeList<mainScreenView, touchgfx::meta::TypeList<touchgfx::meta::Nil, touchgfx::meta::Nil> >, (unsigned short)1>::element_size()
 .text._ZN8touchgfx9PartitionINS_4meta8TypeListI14mainScreenViewNS2_INS1_3NilES4_EEEELt1EE7elementEt
                0x08003154        0xc TouchGFX/build/STM32F429IDISCO/TouchGFX/target/generated/TouchGFXConfiguration.o
                0x08003154                touchgfx::Partition<touchgfx::meta::TypeList<mainScreenView, touchgfx::meta::TypeList<touchgfx::meta::Nil, touchgfx::meta::Nil> >, (unsigned short)1>::element(unsigned short)
 .text._ZNK8touchgfx9PartitionINS_4meta8TypeListI14mainScreenViewNS2_INS1_3NilES4_EEEELt1EE7elementEt
                0x08003160        0xc TouchGFX/build/STM32F429IDISCO/TouchGFX/target/generated/TouchGFXConfiguration.o
                0x08003160                touchgfx::Partition<touchgfx::meta::TypeList<mainScreenView, touchgfx::meta::TypeList<touchgfx::meta::Nil, touchgfx::meta::Nil> >, (unsigned short)1>::element(unsigned short) const
 .text._ZNK8touchgfx9PartitionINS_4meta8TypeListI19mainScreenPresenterNS2_INS1_3NilES4_EEEELt1EE8capacityEv
                0x0800316c        0x4 TouchGFX/build/STM32F429IDISCO/TouchGFX/target/generated/TouchGFXConfiguration.o
                0x0800316c                touchgfx::Partition<touchgfx::meta::TypeList<mainScreenPresenter, touchgfx::meta::TypeList<touchgfx::meta::Nil, touchgfx::meta::Nil> >, (unsigned short)1>::capacity() const
 .text._ZN8touchgfx9PartitionINS_4meta8TypeListI19mainScreenPresenterNS2_INS1_3NilES4_EEEELt1EE12element_sizeEv
                0x08003170        0x4 TouchGFX/build/STM32F429IDISCO/TouchGFX/target/generated/TouchGFXConfiguration.o
                0x08003170                touchgfx::Partition<touchgfx::meta::TypeList<mainScreenPresenter, touchgfx::meta::TypeList<touchgfx::meta::Nil, touchgfx::meta::Nil> >, (unsigned short)1>::element_size()
 .text._ZN8touchgfx9PartitionINS_4meta8TypeListI19mainScreenPresenterNS2_INS1_3NilES4_EEEELt1EE7elementEt
                0x08003174        0x8 TouchGFX/build/STM32F429IDISCO/TouchGFX/target/generated/TouchGFXConfiguration.o
                0x08003174                touchgfx::Partition<touchgfx::meta::TypeList<mainScreenPresenter, touchgfx::meta::TypeList<touchgfx::meta::Nil, touchgfx::meta::Nil> >, (unsigned short)1>::element(unsigned short)
 .text._ZNK8touchgfx9PartitionINS_4meta8TypeListI19mainScreenPresenterNS2_INS1_3NilES4_EEEELt1EE7elementEt
                0x0800317c        0x8 TouchGFX/build/STM32F429IDISCO/TouchGFX/target/generated/TouchGFXConfiguration.o
                0x0800317c                touchgfx::Partition<touchgfx::meta::TypeList<mainScreenPresenter, touchgfx::meta::TypeList<touchgfx::meta::Nil, touchgfx::meta::Nil> >, (unsigned short)1>::element(unsigned short) const
 .text._ZN16FrontendHeapBase15gotoStartScreenER19FrontendApplication
                0x08003184        0x6 TouchGFX/build/STM32F429IDISCO/TouchGFX/target/generated/TouchGFXConfiguration.o
                0x08003184                FrontendHeapBase::gotoStartScreen(FrontendApplication&)
 *fill*         0x0800318a        0x2 
 .text._ZN8touchgfx9PartitionINS_4meta8TypeListINS_12NoTransitionENS2_INS1_3NilES4_EEEELt1EED2Ev
                0x0800318c       0x14 TouchGFX/build/STM32F429IDISCO/TouchGFX/target/generated/TouchGFXConfiguration.o
                0x0800318c                touchgfx::Partition<touchgfx::meta::TypeList<touchgfx::NoTransition, touchgfx::meta::TypeList<touchgfx::meta::Nil, touchgfx::meta::Nil> >, (unsigned short)1>::~Partition()
                0x0800318c                touchgfx::Partition<touchgfx::meta::TypeList<touchgfx::NoTransition, touchgfx::meta::TypeList<touchgfx::meta::Nil, touchgfx::meta::Nil> >, (unsigned short)1>::~Partition()
 .text._ZN8touchgfx9PartitionINS_4meta8TypeListINS_12NoTransitionENS2_INS1_3NilES4_EEEELt1EED0Ev
                0x080031a0       0x14 TouchGFX/build/STM32F429IDISCO/TouchGFX/target/generated/TouchGFXConfiguration.o
                0x080031a0                touchgfx::Partition<touchgfx::meta::TypeList<touchgfx::NoTransition, touchgfx::meta::TypeList<touchgfx::meta::Nil, touchgfx::meta::Nil> >, (unsigned short)1>::~Partition()
 .text._ZN8touchgfx9PartitionINS_4meta8TypeListI14mainScreenViewNS2_INS1_3NilES4_EEEELt1EED2Ev
                0x080031b4       0x14 TouchGFX/build/STM32F429IDISCO/TouchGFX/target/generated/TouchGFXConfiguration.o