ModelListener.hpp:17:18:virtual void ModelListener::updateData(float*)	0	static
ModelListener.hpp:18:18:virtual void ModelListener::setData(float*)	0	static
ModelListener.hpp:19:18:virtual void ModelListener::reportError(int)	0	static
errorScreenPresenter.hpp:28:13:errorScreenPresenter::~errorScreenPresenter()	0	static
errorScreenPresenter.cpp:10:6:virtual void errorScreenPresenter::activate()	0	static
errorScreenPresenter.hpp:28:13:virtual errorScreenPresenter::~errorScreenPresenter()	8	static
errorScreenPresenter.hpp:28:13:virtual void* errorScreenPresenter::_ZThn4_N20errorScreenPresenterD1Ev()	0	static
errorScreenPresenter.cpp:4:1:errorScreenPresenter::errorScreenPresenter(errorScreenView&)	8	static
