Screen.hpp:104:18:virtual void touchgfx::Screen::afterTransition()	0	static
Screen.hpp:144:18:virtual void touchgfx::Screen::handleTickEvent()	0	static
Screen.hpp:154:18:virtual void touchgfx::Screen::handleKeyEvent(uint8_t)	0	static
errorScreenView.hpp:11:13:errorScreenView::~errorScreenView()	0	static
errorScreenView.cpp:13:6:virtual void errorScreenView::tearDownScreen()	0	static
errorScreenView.cpp:8:6:virtual void errorScreenView::setupScreen()	0	static
errorScreenView.hpp:11:13:virtual errorScreenView::~errorScreenView()	8	static
errorScreenView.cpp:3:1:errorScreenView::errorScreenView()	8	static
