Drawable.hpp:298:18:virtual void touchgfx::Drawable::setX(int16_t)	0	static
Drawable.hpp:310:18:virtual void touchgfx::Drawable::setY(int16_t)	0	static
Drawable.hpp:339:18:virtual void touchgfx::Drawable::setWidth(int16_t)	0	static
Drawable.hpp:351:18:virtual void touchgfx::Drawable::setHeight(int16_t)	0	static
Drawable.hpp:361:18:virtual void touchgfx::Drawable::childGeometryChanged()	0	static
Drawable.hpp:372:18:virtual void touchgfx::Drawable::handleClickEvent(const touchgfx::ClickEvent&)	0	static
Drawable.hpp:383:18:virtual void touchgfx::Drawable::handleGestureEvent(const touchgfx::GestureEvent&)	0	static
Drawable.hpp:471:18:virtual void touchgfx::Drawable::handleDragEvent(const touchgfx::DragEvent&)	0	static
Drawable.hpp:481:18:virtual void touchgfx::Drawable::handleTickEvent()	0	static
Drawable.hpp:568:18:virtual void touchgfx::Drawable::moveTo(int16_t, int16_t)	4	static
Container.hpp:165:23:virtual touchgfx::Drawable* touchgfx::Container::getFirstChild()	0	static
humDisp.cpp:8:6:virtual void humDisp::initialize()	0	static
humDisp.cpp:13:6:virtual void humDisp::changeValue(int)	0	static
humDisp.cpp:18:6:virtual void humDisp::changeCursorPosition(int)	0	static
humDisp.cpp:23:6:virtual void humDisp::showCursor()	0	static
humDisp.cpp:28:6:virtual void humDisp::resetCursor()	0	static
humDisp.cpp:33:6:virtual void humDisp::uploadValue(float)	0	static
humDisp.cpp:38:7:virtual float humDisp::getHumidity()	0	static
humDisp.hpp:10:13:humDisp::~humDisp()	16	static
humDisp.hpp:10:13:virtual humDisp::~humDisp()	8	static
humDisp.cpp:3:1:humDisp::humDisp()	8	static
