Drawable.hpp:298:18:virtual void touchgfx::Drawable::setX(int16_t)	0	static
Drawable.hpp:310:18:virtual void touchgfx::Drawable::setY(int16_t)	0	static
Drawable.hpp:339:18:virtual void touchgfx::Drawable::setWidth(int16_t)	0	static
Drawable.hpp:351:18:virtual void touchgfx::Drawable::setHeight(int16_t)	0	static
Drawable.hpp:361:18:virtual void touchgfx::Drawable::childGeometryChanged()	0	static
Drawable.hpp:372:18:virtual void touchgfx::Drawable::handleClickEvent(const touchgfx::ClickEvent&)	0	static
Drawable.hpp:383:18:virtual void touchgfx::Drawable::handleGestureEvent(const touchgfx::GestureEvent&)	0	static
Drawable.hpp:471:18:virtual void touchgfx::Drawable::handleDragEvent(const touchgfx::DragEvent&)	0	static
Drawable.hpp:481:18:virtual void touchgfx::Drawable::handleTickEvent()	0	static
Drawable.hpp:568:18:virtual void touchgfx::Drawable::moveTo(int16_t, int16_t)	4	static
Container.hpp:165:23:virtual touchgfx::Drawable* touchgfx::Container::getFirstChild()	0	static
humWindow.cpp:16:6:virtual void humWindow::setTempWindow(tempWindow*)	0	static
humWindow.cpp:21:6:virtual void humWindow::setScreen(mainScreenView*)	0	static
humWindow.cpp:10:6:virtual void humWindow::initialize()	8	static
humWindow.cpp:46:6:virtual void humWindow::changeValue(int)	0	static
humWindow.cpp:51:6:virtual void humWindow::changeCursorPosition(int)	0	static
humWindow.cpp:56:6:virtual void humWindow::uploadValue(float)	0	static
humWindow.cpp:61:6:virtual void humWindow::setData(float)	16	static
humWindow.cpp:67:7:virtual float humWindow::getHumidity()	0	static
humWindow.cpp:28:6:virtual void humWindow::toggleHumBtn()	16	static
Types.hpp:342:7:touchgfx::Vector<touchgfx::TextAreaWithOneWildcard, 4>::~Vector()	16	static
humWindowBase.hpp:17:13:humWindowBase::~humWindowBase()	16	static
humWindow.hpp:13:13:humWindow::~humWindow()	8	static
humWindow.hpp:13:13:virtual humWindow::~humWindow()	8	static
humWindowBase.hpp:17:13:virtual humWindowBase::~humWindowBase()	8	static
humWindow.cpp:5:1:humWindow::humWindow()	8	static
