Drawable.hpp:298:18:virtual void touchgfx::Drawable::setX(int16_t)	0	static
Drawable.hpp:310:18:virtual void touchgfx::Drawable::setY(int16_t)	0	static
Drawable.hpp:339:18:virtual void touchgfx::Drawable::setWidth(int16_t)	0	static
Drawable.hpp:351:18:virtual void touchgfx::Drawable::setHeight(int16_t)	0	static
Drawable.hpp:361:18:virtual void touchgfx::Drawable::childGeometryChanged()	0	static
Drawable.hpp:372:18:virtual void touchgfx::Drawable::handleClickEvent(const touchgfx::ClickEvent&)	0	static
Drawable.hpp:383:18:virtual void touchgfx::Drawable::handleGestureEvent(const touchgfx::GestureEvent&)	0	static
Drawable.hpp:471:18:virtual void touchgfx::Drawable::handleDragEvent(const touchgfx::DragEvent&)	0	static
Drawable.hpp:481:18:virtual void touchgfx::Drawable::handleTickEvent()	0	static
Drawable.hpp:568:18:virtual void touchgfx::Drawable::moveTo(int16_t, int16_t)	4	static
Container.hpp:165:23:virtual touchgfx::Drawable* touchgfx::Container::getFirstChild()	0	static
tempDisp.cpp:8:6:virtual void tempDisp::initialize()	16	static
tempDisp.cpp:15:6:virtual void tempDisp::changeValue(int)	0	static
tempDisp.cpp:20:6:virtual void tempDisp::changeCursorPosition(int)	0	static
tempDisp.cpp:25:6:virtual void tempDisp::showCursor()	0	static
tempDisp.cpp:30:6:virtual void tempDisp::resetCursor()	0	static
tempDisp.cpp:35:6:virtual void tempDisp::uploadValue(float)	0	static
tempDisp.cpp:40:7:virtual float tempDisp::getTemperature()	0	static
tempDisp.hpp:10:13:tempDisp::~tempDisp()	16	static
tempDisp.hpp:10:13:virtual tempDisp::~tempDisp()	8	static
tempDisp.cpp:3:1:tempDisp::tempDisp()	8	static
