Drawable.hpp:132:23:virtual touchgfx::Drawable* touchgfx::Drawable::getFirstChild()	0	static
Drawable.hpp:298:18:virtual void touchgfx::Drawable::setX(int16_t)	0	static
Drawable.hpp:310:18:virtual void touchgfx::Drawable::setY(int16_t)	0	static
Drawable.hpp:339:18:virtual void touchgfx::Drawable::setWidth(int16_t)	0	static
Drawable.hpp:351:18:virtual void touchgfx::Drawable::setHeight(int16_t)	0	static
Drawable.hpp:361:18:virtual void touchgfx::Drawable::childGeometryChanged()	0	static
Drawable.hpp:372:18:virtual void touchgfx::Drawable::handleClickEvent(const touchgfx::ClickEvent&)	0	static
Drawable.hpp:383:18:virtual void touchgfx::Drawable::handleGestureEvent(const touchgfx::GestureEvent&)	0	static
Drawable.hpp:471:18:virtual void touchgfx::Drawable::handleDragEvent(const touchgfx::DragEvent&)	0	static
Drawable.hpp:481:18:virtual void touchgfx::Drawable::handleTickEvent()	0	static
Drawable.hpp:568:18:virtual void touchgfx::Drawable::moveTo(int16_t, int16_t)	4	static
Drawable.hpp:683:18:virtual void touchgfx::Drawable::setupDrawChain(const touchgfx::Rect&, touchgfx::Drawable**)	0	static
Container.hpp:165:23:virtual touchgfx::Drawable* touchgfx::Container::getFirstChild()	0	static
Screen.hpp:93:18:virtual void touchgfx::Screen::setupScreen()	0	static
Screen.hpp:104:18:virtual void touchgfx::Screen::afterTransition()	0	static
Screen.hpp:115:18:virtual void touchgfx::Screen::tearDownScreen()	0	static
Screen.hpp:144:18:virtual void touchgfx::Screen::handleTickEvent()	0	static
Screen.hpp:154:18:virtual void touchgfx::Screen::handleKeyEvent(uint8_t)	0	static
Widget.hpp:47:18:virtual void touchgfx::Widget::getLastChild(int16_t, int16_t, touchgfx::Drawable**)	0	static
AbstractButtonContainer.hpp:114:18:virtual void touchgfx::AbstractButtonContainer::handlePressedUpdated()	0	static
AbstractButtonContainer.hpp:119:18:virtual void touchgfx::AbstractButtonContainer::handleAlphaUpdated()	0	static
AbstractButtonContainer.hpp:34:7:touchgfx::AbstractButtonContainer::~AbstractButtonContainer()	0	static
View.hpp:36:7:touchgfx::View<mainScreenPresenter>::~View()	0	static
mainScreenViewBase.hpp:25:18:virtual void mainScreenViewBase::upBtnClicked()	0	static
mainScreenViewBase.hpp:30:18:virtual void mainScreenViewBase::downBtnClicked()	0	static
mainScreenViewBase.hpp:35:18:virtual void mainScreenViewBase::rightBtnClicked()	0	static
mainScreenViewBase.hpp:40:18:virtual void mainScreenViewBase::leftBtnClicked()	0	static
ClickButtonTrigger.hpp:35:7:touchgfx::ClickButtonTrigger::~ClickButtonTrigger()	0	static
ImageButtonStyle.hpp:45:7:touchgfx::ImageButtonStyle<touchgfx::ClickButtonTrigger>::~ImageButtonStyle()	0	static
Callback.hpp:357:8:touchgfx::Callback<mainScreenViewBase, const touchgfx::AbstractButtonContainer&>::~Callback()	0	static
IconButtonStyle.hpp:44:7:touchgfx::IconButtonStyle<touchgfx::ImageButtonStyle<touchgfx::ClickButtonTrigger> >::~IconButtonStyle()	0	static
Callback.hpp:386:18:void touchgfx::Callback<dest_type, T1, void, void>::execute(T1) [with dest_type = mainScreenViewBase; T1 = const touchgfx::AbstractButtonContainer&]	8	static
Callback.hpp:396:18:bool touchgfx::Callback<dest_type, T1, void, void>::isValid() const [with dest_type = mainScreenViewBase; T1 = const touchgfx::AbstractButtonContainer&]	0	static
IconButtonStyle.hpp:144:18:void touchgfx::IconButtonStyle<T>::handleAlphaUpdated() [with T = touchgfx::ImageButtonStyle<touchgfx::ClickButtonTrigger>]	0	static
ImageButtonStyle.hpp:104:18:void touchgfx::ImageButtonStyle<T>::handleAlphaUpdated() [with T = touchgfx::ClickButtonTrigger]	0	static
View.hpp:36:7:virtual touchgfx::View<mainScreenPresenter>::~View()	8	static
AbstractButtonContainer.hpp:34:7:virtual touchgfx::AbstractButtonContainer::~AbstractButtonContainer()	8	static
ClickButtonTrigger.hpp:35:7:virtual touchgfx::ClickButtonTrigger::~ClickButtonTrigger()	8	static
ImageButtonStyle.hpp:45:7:virtual touchgfx::ImageButtonStyle<touchgfx::ClickButtonTrigger>::~ImageButtonStyle()	8	static
IconButtonStyle.hpp:44:7:virtual touchgfx::IconButtonStyle<touchgfx::ImageButtonStyle<touchgfx::ClickButtonTrigger> >::~IconButtonStyle()	8	static
Callback.hpp:357:8:virtual touchgfx::Callback<mainScreenViewBase, const touchgfx::AbstractButtonContainer&>::~Callback()	8	static
ImageButtonStyle.hpp:97:18:void touchgfx::ImageButtonStyle<T>::handlePressedUpdated() [with T = touchgfx::ClickButtonTrigger]	0	static
IconButtonStyle.hpp:137:18:void touchgfx::IconButtonStyle<T>::handlePressedUpdated() [with T = touchgfx::ImageButtonStyle<touchgfx::ClickButtonTrigger>]	8	static
mainScreenViewBase.cpp:60:6:virtual void mainScreenViewBase::setupScreen()	8	static
AbstractButtonContainer.hpp:99:18:virtual void touchgfx::AbstractButtonContainer::executeAction()	8	static
mainScreenViewBase.cpp:66:6:void mainScreenViewBase::flexButtonCallbackHandler(const touchgfx::AbstractButtonContainer&)	0	static
ClickButtonTrigger.hpp:47:18:virtual void touchgfx::ClickButtonTrigger::handleClickEvent(const touchgfx::ClickEvent&)	16	static
Drawable.hpp:48:5:touchgfx::Drawable::Drawable()	0	static
Drawable.hpp:326:10:void touchgfx::Drawable::setXY(int16_t, int16_t)	16	static
IconButtonStyle.hpp:59:18:void touchgfx::IconButtonStyle<T>::setIconBitmaps(const touchgfx::Bitmap&, const touchgfx::Bitmap&) [with T = touchgfx::ImageButtonStyle<touchgfx::ClickButtonTrigger>]	24	static
Drawable.hpp:394:10:void touchgfx::Drawable::setWidthHeight(int16_t, int16_t)	16	static
Drawable.hpp:216:10:void touchgfx::Drawable::setPosition(int16_t, int16_t, int16_t, int16_t)	16	static
ImageButtonStyle.hpp:61:18:void touchgfx::ImageButtonStyle<T>::setBitmaps(const touchgfx::Bitmap&, const touchgfx::Bitmap&) [with T = touchgfx::ClickButtonTrigger]	16	static
Box.hpp:33:5:touchgfx::Box::Box()	8	static
Image.hpp:50:5:touchgfx::Image::Image(const touchgfx::Bitmap&)	16	static
digits.hpp:17:13:digits::~digits()	16	static
digits.hpp:17:13:virtual digits::~digits()	8	static
humWindowBase.hpp:17:13:humWindowBase::~humWindowBase()	16	static
humWindowBase.hpp:17:13:virtual humWindowBase::~humWindowBase()	8	static
tempWindowBase.hpp:17:13:tempWindowBase::~tempWindowBase()	16	static
mainScreenViewBase.hpp:19:13:mainScreenViewBase::~mainScreenViewBase()	8	static
mainScreenViewBase.hpp:19:13:virtual mainScreenViewBase::~mainScreenViewBase()	8	static
tempWindowBase.hpp:17:13:virtual tempWindowBase::~tempWindowBase()	8	static
IconButtonStyle.hpp:47:5:touchgfx::IconButtonStyle<T>::IconButtonStyle() [with T = touchgfx::ImageButtonStyle<touchgfx::ClickButtonTrigger>]	32	static
mainScreenViewBase.cpp:8:1:mainScreenViewBase::mainScreenViewBase()	80	static
